<html>
<body>
<pre>
<h1>µVision Build Log</h1>
<h2>Tool Versions:</h2>
IDE-Version: ¦ÌVision V5.27.1.0
Copyright (C) 2019 ARM Ltd and ARM Germany GmbH. All rights reserved.
License Information: .. .., .., LIC=03C6R-KQEPZ-563Q2-9X75N-WJZCQ-WS60S
 
Tool Versions:
Toolchain:       MDK-ARM Plus  Version: 5.32.0.0
Toolchain Path:  E:\Keil_v5\ARM\ARMCLANG\Bin
C Compiler:      ArmClang.exe V6.14.1
Assembler:       Armasm.exe V6.14.1
Linker/Locator:  ArmLink.exe V6.14.1
Library Manager: ArmAr.exe V6.14.1
Hex Converter:   FromElf.exe V6.14.1
CPU DLL:         SARMCM3.DLL V5.32.0.0
Dialog DLL:      DCM.DLL V1.17.3.0
Target DLL:      CMSIS_AGDI.dll V1.32.12.0
Dialog DLL:      TCM.DLL V1.46.0.0
 
<h2>Project:</h2>
C:\Users\ljp18\Desktop\seekfree-RT1064_Library-master - ¸±±¾\RT1064_Library\Seekfree_RT1064_Opensource_Library\Project\MDK\RT106X.uvprojx
Project File Date:  07/18/2021

<h2>Output:</h2>
*** Using Compiler 'V6.14.1', folder: 'E:\Keil_v5\ARM\ARMCLANG\Bin'
Build target 'nor_sdram_zf_dtcm_v6'
compiling showinformation.c...
compiling control.c...
compiling main.c...
compiling isr.c...
linking...
Program Size: Code=71720 RO-data=5132 RW-data=96 ZI-data=6692  
".\Objects\RT106X.axf" - 0 Error(s), 0 Warning(s).

<h2>Software Packages used:</h2>

Package Vendor: NXP
                http://mcuxpresso.nxp.com/cmsis_pack/repo/NXP.MIMXRT1064_DFP.12.0.0.pack
                NXP.MIMXRT1064_DFP.12.0.0
                Device Family Pack for MIMXRT1064

<h2>Collection of Component include folders:</h2>
  .\RTE\_nor_sdram_zf_dtcm_v6
  E:\Users\ljp18\AppData\Local\Arm\Packs\NXP\MIMXRT1064_DFP\12.0.0

<h2>Collection of Component Files used:</h2>
Build Time Elapsed:  00:00:03
</pre>
</body>
</html>
