Component: ARM Compiler 5.06 update 7 (build 960) Tool: armlink [4d3601]

==============================================================================

Section Cross References

    board.o(i.BOARD_DebugConsoleSrcFreq) refers to fsl_clock.o(i.CLOCK_GetPllFreq) for CLOCK_GetPllFreq
    board.o(i.BOARD_DebugConsoleSrcFreq) refers to board.o(i.CLOCK_GetDiv) for CLOCK_GetDiv
    board.o(i.BOARD_DebugConsoleSrcFreq) refers to fsl_clock.o(.bss) for g_xtalFreq
    board.o(i.BOARD_InitDebugConsole) refers to board.o(i.BOARD_DebugConsoleSrcFreq) for BOARD_DebugConsoleSrcFreq
    board.o(i.BOARD_InitDebugConsole) refers to fsl_debug_console.o(i.DbgConsole_Init) for DbgConsole_Init
    board.o(i.BOARD_SD_Pin_Config) refers to board.o(i.IOMUXC_SetPinConfig) for IOMUXC_SetPinConfig
    board.o(i.board_init) refers to board.o(i.BOARD_ConfigMPU) for BOARD_ConfigMPU
    board.o(i.board_init) refers to clock_config.o(i.BOARD_BootClockRUN) for BOARD_BootClockRUN
    board.o(i.board_init) refers to board.o(i.BOARD_InitDebugConsole) for BOARD_InitDebugConsole
    board.o(i.board_init) refers to zf_uart.o(i.uart_init) for uart_init
    clock_config.o(i.BOARD_BootClockRUN) refers to fsl_clock.o(i.CLOCK_InitExternalClk) for CLOCK_InitExternalClk
    clock_config.o(i.BOARD_BootClockRUN) refers to fsl_clock.o(i.CLOCK_InitRcOsc24M) for CLOCK_InitRcOsc24M
    clock_config.o(i.BOARD_BootClockRUN) refers to fsl_clock.o(i.CLOCK_SwitchOsc) for CLOCK_SwitchOsc
    clock_config.o(i.BOARD_BootClockRUN) refers to clock_config.o(i.CLOCK_SetMux) for CLOCK_SetMux
    clock_config.o(i.BOARD_BootClockRUN) refers to fsl_clock.o(i.CLOCK_InitArmPll) for CLOCK_InitArmPll
    clock_config.o(i.BOARD_BootClockRUN) refers to fsl_clock.o(i.CLOCK_DeinitAudioPll) for CLOCK_DeinitAudioPll
    clock_config.o(i.BOARD_BootClockRUN) refers to clock_config.o(i.CLOCK_SetPllBypass) for CLOCK_SetPllBypass
    clock_config.o(i.BOARD_BootClockRUN) refers to fsl_clock.o(i.CLOCK_DeinitVideoPll) for CLOCK_DeinitVideoPll
    clock_config.o(i.BOARD_BootClockRUN) refers to fsl_clock.o(i.CLOCK_DeinitEnetPll) for CLOCK_DeinitEnetPll
    clock_config.o(i.BOARD_BootClockRUN) refers to fsl_clock.o(i.CLOCK_DeinitUsb2Pll) for CLOCK_DeinitUsb2Pll
    clock_config.o(i.BOARD_BootClockRUN) refers to clock_config.o(i.CLOCK_SetDiv) for CLOCK_SetDiv
    clock_config.o(i.BOARD_BootClockRUN) refers to clock_config.o(i.CLOCK_DisableClock) for CLOCK_DisableClock
    clock_config.o(i.BOARD_BootClockRUN) refers to fsl_clock.o(.bss) for g_rtcXtalFreq
    clock_config.o(i.BOARD_BootClockRUN) refers to clock_config.o(.constdata) for armPllConfig_BOARD_BootClockRUN
    clock_config.o(i.BOARD_BootClockRUN) refers to system_mimxrt1064.o(.data) for SystemCoreClock
    clock_config.o(i.BOARD_InitBootClocks) refers to clock_config.o(i.BOARD_BootClockRUN) for BOARD_BootClockRUN
    clock_config.o(i.CLOCK_DisableClock) refers to fsl_assert.o(i.__aeabi_assert) for __aeabi_assert
    clock_config.o(i.CLOCK_SetDiv) refers to fsl_assert.o(i.__aeabi_assert) for __aeabi_assert
    clock_config.o(i.CLOCK_SetMux) refers to fsl_assert.o(i.__aeabi_assert) for __aeabi_assert
    pin_mux.o(i.BOARD_InitBootPins) refers to pin_mux.o(i.BOARD_InitPins) for BOARD_InitPins
    pin_mux.o(i.BOARD_InitPins) refers to pin_mux.o(i.CLOCK_EnableClock) for CLOCK_EnableClock
    pin_mux.o(i.BOARD_InitPins) refers to pin_mux.o(i.IOMUXC_SetPinMux) for IOMUXC_SetPinMux
    pin_mux.o(i.BOARD_InitPins) refers to pin_mux.o(i.IOMUXC_SetPinConfig) for IOMUXC_SetPinConfig
    pin_mux.o(i.CLOCK_EnableClock) refers to fsl_assert.o(i.__aeabi_assert) for __aeabi_assert
    generic_list.o(i.LIST_AddHead) refers to generic_list.o(i.DisableGlobalIRQ) for DisableGlobalIRQ
    generic_list.o(i.LIST_AddHead) refers to generic_list.o(i.EnableGlobalIRQ) for EnableGlobalIRQ
    generic_list.o(i.LIST_AddHead) refers to generic_list.o(i.LIST_Scan) for LIST_Scan
    generic_list.o(i.LIST_AddPrevElement) refers to generic_list.o(i.DisableGlobalIRQ) for DisableGlobalIRQ
    generic_list.o(i.LIST_AddPrevElement) refers to generic_list.o(i.EnableGlobalIRQ) for EnableGlobalIRQ
    generic_list.o(i.LIST_AddPrevElement) refers to generic_list.o(i.LIST_Scan) for LIST_Scan
    generic_list.o(i.LIST_AddTail) refers to generic_list.o(i.DisableGlobalIRQ) for DisableGlobalIRQ
    generic_list.o(i.LIST_AddTail) refers to generic_list.o(i.EnableGlobalIRQ) for EnableGlobalIRQ
    generic_list.o(i.LIST_AddTail) refers to generic_list.o(i.LIST_Scan) for LIST_Scan
    generic_list.o(i.LIST_RemoveElement) refers to generic_list.o(i.DisableGlobalIRQ) for DisableGlobalIRQ
    generic_list.o(i.LIST_RemoveElement) refers to generic_list.o(i.EnableGlobalIRQ) for EnableGlobalIRQ
    generic_list.o(i.LIST_RemoveHead) refers to generic_list.o(i.DisableGlobalIRQ) for DisableGlobalIRQ
    generic_list.o(i.LIST_RemoveHead) refers to generic_list.o(i.EnableGlobalIRQ) for EnableGlobalIRQ
[...]
    _printf_truncate_unsigned                 - Undefined Weak Reference
    _rand_init                                - Undefined Weak Reference
    _signal_finish                            - Undefined Weak Reference
    _signal_init                              - Undefined Weak Reference
    _terminateio                              - Undefined Weak Reference
    __Vectors_Size                           0x00000400   Number         0  startup_mimxrt1064.o ABSOLUTE
    SystemCoreClock                          0x20000000   Data           4  system_mimxrt1064.o(.data)
    PORTPTR                                  0x20000004   Data          40  zf_gpio.o(.data)
    UARTN                                    0x2000002c   Data          36  zf_uart.o(.data)
    g_xtalFreq                               0x20000050   Data           4  fsl_clock.o(.bss)
    g_rtcXtalFreq                            0x20000054   Data           4  fsl_clock.o(.bss)
    g_lpspiDummyData                         0x20000178   Data           5  fsl_lpspi.o(.bss)
    g_eventTimeMilliseconds                  0x200001f8   Data           4  fsl_sdmmc_event.o(.bss)
    g_usdhcHandle                            0x200001fc   Data          40  fsl_sdmmc_host.o(.bss)
    g_usdhcTransferStatus                    0x20000224   Data           4  fsl_sdmmc_host.o(.bss)
    g_reTuningFlag                           0x2000022c   Data           4  fsl_sdmmc_host.o(.bss)
    flexio_shift_count                       0x20000230   Data           1  zf_camera.o(.bss)
    transferConfig                           0x20000254   Data          24  zf_camera.o(.bss)
    edma_config                              0x2000026c   Data           4  zf_camera.o(.bss)
    g_EDMA_Handle                            0x20000270   Data          24  zf_camera.o(.bss)
    flexio_camera_type                       0x2000028c   Data           1  common.o(.bss)
    flexio_camera_buffer_addr                0x20000290   Data           4  common.o(.bss)
    s_cdcVcom                                0x20000294   Data          16  zf_usb_cdc.o(.bss)
    usb_cdc_com_open_flag                    0x200002a4   Data           1  zf_usb_cdc.o(.bss)
    usb_cdc_com_first_flag                   0x200002a5   Data           1  zf_usb_cdc.o(.bss)
    flexio_color_camera_buffer_addr1         0x200004cc   Data           4  seekfree_scc8660.o(.bss)
    flexio_color_camera_buffer_addr2         0x200004d0   Data           4  seekfree_scc8660.o(.bss)
    scc8660_image                            0x200004d4   Data           4  seekfree_scc8660.o(.bss)
    scc8660_rx_buffer                        0x200004d8   Data           1  seekfree_scc8660.o(.bss)
    scc8660_receivexfer                      0x200004dc   Data           8  seekfree_scc8660.o(.bss)
    scc8660_g_lpuartHandle                   0x200004e4   Data          48  seekfree_scc8660.o(.bss)
    scc8660_finish_flag                      0x20000514   Data           1  seekfree_scc8660.o(.bss)
    gpio_status                              0x20000515   Data           1  main.o(.bss)
    g_serialHandle                           0x20000538   Data           4  fsl_debug_console.o(.bss)
    __libspace_start                         0x2000053c   Data          96  libspace.o(.bss)
    Image$$ARM_LIB_HEAP$$ZI$$Base            0x2000059c   Number         0  anon$$obj.o ABSOLUTE
    __temporary_stack_top$libspace           0x2000059c   Data           0  libspace.o(.bss)
    Image$$ARM_LIB_HEAP$$ZI$$Limit           0x2000099c   Number         0  anon$$obj.o ABSOLUTE
    Image$$ARM_LIB_STACK$$ZI$$Limit          0x20070000   Number         0  anon$$obj.o ABSOLUTE
    Image$$RW_m_config_text$$Base            0x70000000   Number         0  anon$$obj.o ABSOLUTE
    qspiflash_config                         0x70000000   Data         512  evkmimxrt1064_flexspi_nor_config.o(.boot_hdr.conf)
    image_vector_table                       0x70001000   Data          32  fsl_flexspi_nor_boot.o(.boot_hdr.ivt)
    boot_data                                0x70001020   Data          16  fsl_flexspi_nor_boot.o(.boot_hdr.boot_data)
    dcd_data                                 0x70001030   Data        1072  evkmimxrt1064_sdram_ini_dcd.o(.boot_hdr.dcd_data)
    __Vectors                                0x70002000   Data           4  startup_mimxrt1064.o(RESET)
    __Vectors_End                            0x70002400   Data           0  startup_mimxrt1064.o(RESET)
    __main                                   0x70002401   Thumb Code     8  __main.o(!!!main)
    __scatterload                            0x70002409   Thumb Code     0  __scatter.o(!!!scatter)
    __scatterload_rt2                        0x70002409   Thumb Code    44  __scatter.o(!!!scatter)
    __scatterload_rt2_thumb_only             0x70002409   Thumb Code     0  __scatter.o(!!!scatter)
    __scatterload_null                       0x70002417   Thumb Code     0  __scatter.o(!!!scatter)
    __scatterload_copy                       0x7000243d   Thumb Code    26  __scatter_copy.o(!!handler_copy)
    __scatterload_zeroinit                   0x70002459   Thumb Code    28  __scatter_zi.o(!!handler_zi)
    Reset_Handler                            0x70002475   Thumb Code    76  startup_mimxrt1064.o(.text)
    DMA0_DMA16_IRQHandler                    0x700024d3   Thumb Code     4  startup_mimxrt1064.o(.text)
    DMA1_DMA17_IRQHandler                    0x700024d7   Thumb Code     4  startup_mimxrt1064.o(.text)
    DMA2_DMA18_IRQHandler                    0x700024db   Thumb Code     4  startup_mimxrt1064.o(.text)
    DMA3_DMA19_IRQHandler                    0x700024df   Thumb Code     4  startup_mimxrt1064.o(.text)
    DMA4_DMA20_IRQHandler                    0x700024e3   Thumb Code     4  startup_mimxrt1064.o(.text)
    DMA5_DMA21_IRQHandler                    0x700024e7   Thumb Code     4  startup_mimxrt1064.o(.text)
    DMA6_DMA22_IRQHandler                    0x700024eb   Thumb Code     4  startup_mimxrt1064.o(.text)
    DMA7_DMA23_IRQHandler                    0x700024ef   Thumb Code     4  startup_mimxrt1064.o(.text)
    DMA8_DMA24_IRQHandler                    0x700024f3   Thumb Code     4  startup_mimxrt1064.o(.text)
    DMA9_DMA25_IRQHandler                    0x700024f7   Thumb Code     4  startup_mimxrt1064.o(.text)
    DMA10_DMA26_IRQHandler                   0x700024fb   Thumb Code     4  startup_mimxrt1064.o(.text)
    DMA11_DMA27_IRQHandler                   0x700024ff   Thumb Code     4  startup_mimxrt1064.o(.text)
    DMA12_DMA28_IRQHandler                   0x70002503   Thumb Code     4  startup_mimxrt1064.o(.text)
    DMA13_DMA29_IRQHandler                   0x70002507   Thumb Code     4  startup_mimxrt1064.o(.text)
    DMA14_DMA30_IRQHandler                   0x7000250b   Thumb Code     4  startup_mimxrt1064.o(.text)
    DMA15_DMA31_IRQHandler                   0x7000250f   Thumb Code     4  startup_mimxrt1064.o(.text)
    DMA_ERROR_IRQHandler                     0x70002513   Thumb Code     4  startup_mimxrt1064.o(.text)
    LPUART1_IRQHandler                       0x70002517   Thumb Code     4  startup_mimxrt1064.o(.text)
    LPUART2_IRQHandler                       0x7000251b   Thumb Code     4  startup_mimxrt1064.o(.text)
    LPUART3_IRQHandler                       0x7000251f   Thumb Code     4  startup_mimxrt1064.o(.text)
    LPUART4_IRQHandler                       0x70002523   Thumb Code     4  startup_mimxrt1064.o(.text)
    LPUART5_IRQHandler                       0x70002527   Thumb Code     4  startup_mimxrt1064.o(.text)
    LPUART6_IRQHandler                       0x7000252b   Thumb Code     4  startup_mimxrt1064.o(.text)
    LPUART7_IRQHandler                       0x7000252f   Thumb Code     4  startup_mimxrt1064.o(.text)
    LPUART8_IRQHandler                       0x70002533   Thumb Code     4  startup_mimxrt1064.o(.text)
    LPI2C1_IRQHandler                        0x70002537   Thumb Code     4  startup_mimxrt1064.o(.text)
    LPI2C2_IRQHandler                        0x7000253b   Thumb Code     4  startup_mimxrt1064.o(.text)
    LPI2C3_IRQHandler                        0x7000253f   Thumb Code     4  startup_mimxrt1064.o(.text)
    LPI2C4_IRQHandler                        0x70002543   Thumb Code     4  startup_mimxrt1064.o(.text)
    LPSPI1_IRQHandler                        0x70002547   Thumb Code     4  startup_mimxrt1064.o(.text)
    LPSPI2_IRQHandler                        0x7000254b   Thumb Code     4  startup_mimxrt1064.o(.text)
    LPSPI3_IRQHandler                        0x7000254f   Thumb Code     4  startup_mimxrt1064.o(.text)
    LPSPI4_IRQHandler                        0x70002553   Thumb Code     4  startup_mimxrt1064.o(.text)
    CAN1_IRQHandler                          0x70002557   Thumb Code     4  startup_mimxrt1064.o(.text)
    CAN2_IRQHandler                          0x7000255b   Thumb Code     4  startup_mimxrt1064.o(.text)
    SAI1_IRQHandler                          0x7000255f   Thumb Code     4  startup_mimxrt1064.o(.text)
    SAI2_IRQHandler                          0x70002563   Thumb Code     4  startup_mimxrt1064.o(.text)
    SAI3_RX_IRQHandler                       0x70002567   Thumb Code     4  startup_mimxrt1064.o(.text)
    SAI3_TX_IRQHandler                       0x7000256b   Thumb Code     4  startup_mimxrt1064.o(.text)
    SPDIF_IRQHandler                         0x7000256f   Thumb Code     4  startup_mimxrt1064.o(.text)
    FLEXIO1_IRQHandler                       0x70002573   Thumb Code     4  startup_mimxrt1064.o(.text)
    FLEXIO2_IRQHandler                       0x70002577   Thumb Code     4  startup_mimxrt1064.o(.text)
    FLEXSPI2_IRQHandler                      0x7000257b   Thumb Code     4  startup_mimxrt1064.o(.text)
    FLEXSPI_IRQHandler                       0x7000257f   Thumb Code     4  startup_mimxrt1064.o(.text)
    USDHC1_IRQHandler                        0x70002583   Thumb Code     4  startup_mimxrt1064.o(.text)
    USDHC2_IRQHandler                        0x70002587   Thumb Code     4  startup_mimxrt1064.o(.text)
    ENET_IRQHandler                          0x7000258b   Thumb Code     4  startup_mimxrt1064.o(.text)
    ENET2_IRQHandler                         0x70002593   Thumb Code     4  startup_mimxrt1064.o(.text)
    ENET2_1588_Timer_IRQHandler              0x70002597   Thumb Code     4  startup_mimxrt1064.o(.text)
    CAN3_IRQHandler                          0x7000259b   Thumb Code     4  startup_mimxrt1064.o(.text)
    FLEXIO3_IRQHandler                       0x7000259f   Thumb Code     4  startup_mimxrt1064.o(.text)
    ACMP1_IRQHandler                         0x700025a3   Thumb Code     0  startup_mimxrt1064.o(.text)
    ACMP2_IRQHandler                         0x700025a3   Thumb Code     0  startup_mimxrt1064.o(.text)
    ACMP3_IRQHandler                         0x700025a3   Thumb Code     0  startup_mimxrt1064.o(.text)
    ACMP4_IRQHandler                         0x700025a3   Thumb Code     0  startup_mimxrt1064.o(.text)
    ADC1_IRQHandler                          0x700025a3   Thumb Code     0  startup_mimxrt1064.o(.text)
    ADC2_IRQHandler                          0x700025a3   Thumb Code     0  startup_mimxrt1064.o(.text)
    ADC_ETC_ERROR_IRQ_IRQHandler             0x700025a3   Thumb Code     0  startup_mimxrt1064.o(.text)
    ADC_ETC_IRQ0_IRQHandler                  0x700025a3   Thumb Code     0  startup_mimxrt1064.o(.text)
    ADC_ETC_IRQ1_IRQHandler                  0x700025a3   Thumb Code     0  startup_mimxrt1064.o(.text)
    ADC_ETC_IRQ2_IRQHandler                  0x700025a3   Thumb Code     0  startup_mimxrt1064.o(.text)
    BEE_IRQHandler                           0x700025a3   Thumb Code     0  startup_mimxrt1064.o(.text)
    CCM_1_IRQHandler                         0x700025a3   Thumb Code     0  startup_mimxrt1064.o(.text)
    CCM_2_IRQHandler                         0x700025a3   Thumb Code     0  startup_mimxrt1064.o(.text)
    CORE_IRQHandler                          0x700025a3   Thumb Code     0  startup_mimxrt1064.o(.text)
    CSU_IRQHandler                           0x700025a3   Thumb Code     0  startup_mimxrt1064.o(.text)
    CTI0_ERROR_IRQHandler                    0x700025a3   Thumb Code     0  startup_mimxrt1064.o(.text)
    CTI1_ERROR_IRQHandler                    0x700025a3   Thumb Code     0  startup_mimxrt1064.o(.text)
    DCDC_IRQHandler                          0x700025a3   Thumb Code     0  startup_mimxrt1064.o(.text)
    DCP_IRQHandler                           0x700025a3   Thumb Code     0  startup_mimxrt1064.o(.text)
    DCP_VMI_IRQHandler                       0x700025a3   Thumb Code     0  startup_mimxrt1064.o(.text)
    DMA_ERROR_DriverIRQHandler               0x700025a3   Thumb Code     0  startup_mimxrt1064.o(.text)
    DefaultISR                               0x700025a3   Thumb Code     0  startup_mimxrt1064.o(.text)
    ENC1_IRQHandler                          0x700025a3   Thumb Code     0  startup_mimxrt1064.o(.text)
    ENC2_IRQHandler                          0x700025a3   Thumb Code     0  startup_mimxrt1064.o(.text)
    ENC3_IRQHandler                          0x700025a3   Thumb Code     0  startup_mimxrt1064.o(.text)
    ENC4_IRQHandler                          0x700025a3   Thumb Code     0  startup_mimxrt1064.o(.text)
    ENET2_1588_Timer_DriverIRQHandler        0x700025a3   Thumb Code     0  startup_mimxrt1064.o(.text)
    ENET_1588_Timer_DriverIRQHandler         0x700025a3   Thumb Code     0  startup_mimxrt1064.o(.text)
    EWM_IRQHandler                           0x700025a3   Thumb Code     0  startup_mimxrt1064.o(.text)
    FLEXRAM_IRQHandler                       0x700025a3   Thumb Code     0  startup_mimxrt1064.o(.text)
    FLEXSPI2_DriverIRQHandler                0x700025a3   Thumb Code     0  startup_mimxrt1064.o(.text)
    FLEXSPI_DriverIRQHandler                 0x700025a3   Thumb Code     0  startup_mimxrt1064.o(.text)
    GPC_IRQHandler                           0x700025a3   Thumb Code     0  startup_mimxrt1064.o(.text)
    GPIO1_Combined_0_15_IRQHandler           0x700025a3   Thumb Code     0  startup_mimxrt1064.o(.text)
    GPIO1_Combined_16_31_IRQHandler          0x700025a3   Thumb Code     0  startup_mimxrt1064.o(.text)
    GPIO1_INT0_IRQHandler                    0x700025a3   Thumb Code     0  startup_mimxrt1064.o(.text)
    GPIO1_INT1_IRQHandler                    0x700025a3   Thumb Code     0  startup_mimxrt1064.o(.text)
    GPIO1_INT2_IRQHandler                    0x700025a3   Thumb Code     0  startup_mimxrt1064.o(.text)
    GPIO1_INT3_IRQHandler                    0x700025a3   Thumb Code     0  startup_mimxrt1064.o(.text)
    GPIO1_INT4_IRQHandler                    0x700025a3   Thumb Code     0  startup_mimxrt1064.o(.text)
    GPIO1_INT5_IRQHandler                    0x700025a3   Thumb Code     0  startup_mimxrt1064.o(.text)
    GPIO1_INT6_IRQHandler                    0x700025a3   Thumb Code     0  startup_mimxrt1064.o(.text)
    GPIO1_INT7_IRQHandler                    0x700025a3   Thumb Code     0  startup_mimxrt1064.o(.text)
    GPIO3_Combined_16_31_IRQHandler          0x700025a3   Thumb Code     0  startup_mimxrt1064.o(.text)
    GPIO4_Combined_0_15_IRQHandler           0x700025a3   Thumb Code     0  startup_mimxrt1064.o(.text)
    GPIO4_Combined_16_31_IRQHandler          0x700025a3   Thumb Code     0  startup_mimxrt1064.o(.text)
    GPIO5_Combined_0_15_IRQHandler           0x700025a3   Thumb Code     0  startup_mimxrt1064.o(.text)
    GPIO5_Combined_16_31_IRQHandler          0x700025a3   Thumb Code     0  startup_mimxrt1064.o(.text)
    GPIO6_7_8_9_IRQHandler                   0x700025a3   Thumb Code     0  startup_mimxrt1064.o(.text)
    GPR_IRQ_IRQHandler                       0x700025a3   Thumb Code     0  startup_mimxrt1064.o(.text)
    GPT1_IRQHandler                          0x700025a3   Thumb Code     0  startup_mimxrt1064.o(.text)
    GPT2_IRQHandler                          0x700025a3   Thumb Code     0  startup_mimxrt1064.o(.text)
    KPP_IRQHandler                           0x700025a3   Thumb Code     0  startup_mimxrt1064.o(.text)
    LCDIF_IRQHandler                         0x700025a3   Thumb Code     0  startup_mimxrt1064.o(.text)
    PMU_EVENT_IRQHandler                     0x700025a3   Thumb Code     0  startup_mimxrt1064.o(.text)
    PWM1_0_IRQHandler                        0x700025a3   Thumb Code     0  startup_mimxrt1064.o(.text)
    PWM1_1_IRQHandler                        0x700025a3   Thumb Code     0  startup_mimxrt1064.o(.text)
    PWM1_2_IRQHandler                        0x700025a3   Thumb Code     0  startup_mimxrt1064.o(.text)
    PWM1_3_IRQHandler                        0x700025a3   Thumb Code     0  startup_mimxrt1064.o(.text)
    PWM1_FAULT_IRQHandler                    0x700025a3   Thumb Code     0  startup_mimxrt1064.o(.text)
    PWM2_0_IRQHandler                        0x700025a3   Thumb Code     0  startup_mimxrt1064.o(.text)
    PWM2_1_IRQHandler                        0x700025a3   Thumb Code     0  startup_mimxrt1064.o(.text)
    PWM2_2_IRQHandler                        0x700025a3   Thumb Code     0  startup_mimxrt1064.o(.text)
    PWM2_3_IRQHandler                        0x700025a3   Thumb Code     0  startup_mimxrt1064.o(.text)
    PWM2_FAULT_IRQHandler                    0x700025a3   Thumb Code     0  startup_mimxrt1064.o(.text)
    PWM3_0_IRQHandler                        0x700025a3   Thumb Code     0  startup_mimxrt1064.o(.text)
    PWM3_1_IRQHandler                        0x700025a3   Thumb Code     0  startup_mimxrt1064.o(.text)
    PWM3_2_IRQHandler                        0x700025a3   Thumb Code     0  startup_mimxrt1064.o(.text)
    PWM3_3_IRQHandler                        0x700025a3   Thumb Code     0  startup_mimxrt1064.o(.text)
    PWM3_FAULT_IRQHandler                    0x700025a3   Thumb Code     0  startup_mimxrt1064.o(.text)
    PWM4_0_IRQHandler                        0x700025a3   Thumb Code     0  startup_mimxrt1064.o(.text)
    PWM4_1_IRQHandler                        0x700025a3   Thumb Code     0  startup_mimxrt1064.o(.text)
    PWM4_2_IRQHandler                        0x700025a3   Thumb Code     0  startup_mimxrt1064.o(.text)
    PWM4_3_IRQHandler                        0x700025a3   Thumb Code     0  startup_mimxrt1064.o(.text)
    PWM4_FAULT_IRQHandler                    0x700025a3   Thumb Code     0  startup_mimxrt1064.o(.text)
    PXP_IRQHandler                           0x700025a3   Thumb Code     0  startup_mimxrt1064.o(.text)
    RTWDOG_IRQHandler                        0x700025a3   Thumb Code     0  startup_mimxrt1064.o(.text)
    Reserved115_IRQHandler                   0x700025a3   Thumb Code     0  startup_mimxrt1064.o(.text)
    Reserved143_IRQHandler                   0x700025a3   Thumb Code     0  startup_mimxrt1064.o(.text)
    Reserved144_IRQHandler                   0x700025a3   Thumb Code     0  startup_mimxrt1064.o(.text)
    Reserved171_IRQHandler                   0x700025a3   Thumb Code     0  startup_mimxrt1064.o(.text)
    Reserved68_IRQHandler                    0x700025a3   Thumb Code     0  startup_mimxrt1064.o(.text)
    Reserved78_IRQHandler                    0x700025a3   Thumb Code     0  startup_mimxrt1064.o(.text)
    Reserved86_IRQHandler                    0x700025a3   Thumb Code     0  startup_mimxrt1064.o(.text)
    Reserved87_IRQHandler                    0x700025a3   Thumb Code     0  startup_mimxrt1064.o(.text)
    SEMC_IRQHandler                          0x700025a3   Thumb Code     0  startup_mimxrt1064.o(.text)
    SJC_IRQHandler                           0x700025a3   Thumb Code     0  startup_mimxrt1064.o(.text)
    SNVS_HP_WRAPPER_IRQHandler               0x700025a3   Thumb Code     0  startup_mimxrt1064.o(.text)
    SNVS_HP_WRAPPER_TZ_IRQHandler            0x700025a3   Thumb Code     0  startup_mimxrt1064.o(.text)
    SNVS_LP_WRAPPER_IRQHandler               0x700025a3   Thumb Code     0  startup_mimxrt1064.o(.text)
    SRC_IRQHandler                           0x700025a3   Thumb Code     0  startup_mimxrt1064.o(.text)
    TEMP_LOW_HIGH_IRQHandler                 0x700025a3   Thumb Code     0  startup_mimxrt1064.o(.text)
    TEMP_PANIC_IRQHandler                    0x700025a3   Thumb Code     0  startup_mimxrt1064.o(.text)
    TMR1_IRQHandler                          0x700025a3   Thumb Code     0  startup_mimxrt1064.o(.text)
    TMR2_IRQHandler                          0x700025a3   Thumb Code     0  startup_mimxrt1064.o(.text)
    TMR3_IRQHandler                          0x700025a3   Thumb Code     0  startup_mimxrt1064.o(.text)
    TMR4_IRQHandler                          0x700025a3   Thumb Code     0  startup_mimxrt1064.o(.text)
    TRNG_IRQHandler                          0x700025a3   Thumb Code     0  startup_mimxrt1064.o(.text)
    TSC_DIG_IRQHandler                       0x700025a3   Thumb Code     0  startup_mimxrt1064.o(.text)
    USB_PHY1_IRQHandler                      0x700025a3   Thumb Code     0  startup_mimxrt1064.o(.text)
    USB_PHY2_IRQHandler                      0x700025a3   Thumb Code     0  startup_mimxrt1064.o(.text)
    WDOG1_IRQHandler                         0x700025a3   Thumb Code     0  startup_mimxrt1064.o(.text)
    WDOG2_IRQHandler                         0x700025a3   Thumb Code     0  startup_mimxrt1064.o(.text)
    XBAR1_IRQ_0_1_IRQHandler                 0x700025a3   Thumb Code     0  startup_mimxrt1064.o(.text)
    XBAR1_IRQ_2_3_IRQHandler                 0x700025a3   Thumb Code     0  startup_mimxrt1064.o(.text)
    Long Thumb to Thumb Veneer to __rt_entry 0x70002699   Thumb Code    10  anon$$obj.o(Veneer$$Code)
    SystemInit                               0x700026a5   Thumb Code   568  system_mimxrt1064.o(i.SystemInit)
    SystemInitHook                           0x700028f9   Thumb Code     2  system_mimxrt1064.o(i.SystemInitHook)
    Region$$Table$$Base                      0x700028fc   Number         0  anon$$obj.o(Region$$Table)
    Region$$Table$$Limit                     0x7000292c   Number         0  anon$$obj.o(Region$$Table)
    __rt_lib_init                            0x80000401   Thumb Code     0  libinit.o(.ARM.Collect$$libinit$$00000000)
    __rt_lib_init_fp_1                       0x80000403   Thumb Code     0  libinit2.o(.ARM.Collect$$libinit$$00000001)
    __rt_lib_init_alloca_1                   0x80000407   Thumb Code     0  libinit2.o(.ARM.Collect$$libinit$$0000002E)
    __rt_lib_init_argv_1                     0x80000407   Thumb Code     0  libinit2.o(.ARM.Collect$$libinit$$0000002C)
    __rt_lib_init_atexit_1                   0x80000407   Thumb Code     0  libinit2.o(.ARM.Collect$$libinit$$0000001B)
    __rt_lib_init_clock_1                    0x80000407   Thumb Code     0  libinit2.o(.ARM.Collect$$libinit$$00000021)
    __rt_lib_init_cpp_1                      0x80000407   Thumb Code     0  libinit2.o(.ARM.Collect$$libinit$$00000032)
    __rt_lib_init_exceptions_1               0x80000407   Thumb Code     0  libinit2.o(.ARM.Collect$$libinit$$00000030)
    __rt_lib_init_fp_trap_1                  0x80000407   Thumb Code     0  libinit2.o(.ARM.Collect$$libinit$$0000001F)
    __rt_lib_init_getenv_1                   0x80000407   Thumb Code     0  libinit2.o(.ARM.Collect$$libinit$$00000023)
    __rt_lib_init_heap_1                     0x80000407   Thumb Code     0  libinit2.o(.ARM.Collect$$libinit$$0000000A)
    __rt_lib_init_lc_collate_1               0x80000407   Thumb Code     0  libinit2.o(.ARM.Collect$$libinit$$00000011)
    __rt_lib_init_lc_ctype_1                 0x80000407   Thumb Code     0  libinit2.o(.ARM.Collect$$libinit$$00000013)
    __rt_lib_init_lc_monetary_1              0x80000407   Thumb Code     0  libinit2.o(.ARM.Collect$$libinit$$00000015)
    __rt_lib_init_lc_numeric_1               0x80000407   Thumb Code     0  libinit2.o(.ARM.Collect$$libinit$$00000017)
    __rt_lib_init_lc_time_1                  0x80000407   Thumb Code     0  libinit2.o(.ARM.Collect$$libinit$$00000019)
    __rt_lib_init_preinit_1                  0x80000407   Thumb Code     0  libinit2.o(.ARM.Collect$$libinit$$00000004)
    __rt_lib_init_rand_1                     0x80000407   Thumb Code     0  libinit2.o(.ARM.Collect$$libinit$$0000000E)
    __rt_lib_init_return                     0x80000407   Thumb Code     0  libinit2.o(.ARM.Collect$$libinit$$00000033)
    __rt_lib_init_signal_1                   0x80000407   Thumb Code     0  libinit2.o(.ARM.Collect$$libinit$$0000001D)
    __rt_lib_init_stdio_1                    0x80000407   Thumb Code     0  libinit2.o(.ARM.Collect$$libinit$$00000025)
    __rt_lib_init_user_alloc_1               0x80000407   Thumb Code     0  libinit2.o(.ARM.Collect$$libinit$$0000000C)
    __rt_lib_shutdown                        0x80000409   Thumb Code     0  libshutdown.o(.ARM.Collect$$libshutdown$$00000000)
    __rt_lib_shutdown_cpp_1                  0x8000040b   Thumb Code     0  libshutdown2.o(.ARM.Collect$$libshutdown$$00000004)
    __rt_lib_shutdown_fini_1                 0x8000040b   Thumb Code     0  libshutdown2.o(.ARM.Collect$$libshutdown$$00000002)
    __rt_lib_shutdown_fp_trap_1              0x8000040b   Thumb Code     0  libshutdown2.o(.ARM.Collect$$libshutdown$$00000009)
    __rt_lib_shutdown_heap_1                 0x8000040b   Thumb Code     0  libshutdown2.o(.ARM.Collect$$libshutdown$$00000011)
    __rt_lib_shutdown_return                 0x8000040b   Thumb Code     0  libshutdown2.o(.ARM.Collect$$libshutdown$$00000012)
    __rt_lib_shutdown_signal_1               0x8000040b   Thumb Code     0  libshutdown2.o(.ARM.Collect$$libshutdown$$0000000C)
    __rt_lib_shutdown_stdio_1                0x8000040b   Thumb Code     0  libshutdown2.o(.ARM.Collect$$libshutdown$$00000006)
    __rt_lib_shutdown_user_alloc_1           0x8000040b   Thumb Code     0  libshutdown2.o(.ARM.Collect$$libshutdown$$0000000E)
    __rt_entry                               0x8000040d   Thumb Code     0  __rtentry.o(.ARM.Collect$$rtentry$$00000000)
    __rt_entry_presh_1                       0x8000040d   Thumb Code     0  __rtentry2.o(.ARM.Collect$$rtentry$$00000002)
    __rt_entry_sh                            0x8000040d   Thumb Code     0  __rtentry7.o(.ARM.Collect$$rtentry$$00000007)
    __rt_entry_li                            0x80000411   Thumb Code     0  __rtentry2.o(.ARM.Collect$$rtentry$$0000000A)
    __rt_entry_postsh_1                      0x80000411   Thumb Code     0  __rtentry2.o(.ARM.Collect$$rtentry$$00000009)
    __rt_entry_main                          0x80000415   Thumb Code     0  __rtentry2.o(.ARM.Collect$$rtentry$$0000000D)
    __rt_entry_postli_1                      0x80000415   Thumb Code     0  __rtentry2.o(.ARM.Collect$$rtentry$$0000000C)
    __rt_exit                                0x80000421   Thumb Code     0  rtexit.o(.ARM.Collect$$rtexit$$00000000)
    __rt_exit_ls                             0x80000423   Thumb Code     0  rtexit2.o(.ARM.Collect$$rtexit$$00000003)
    __rt_exit_prels_1                        0x80000423   Thumb Code     0  rtexit2.o(.ARM.Collect$$rtexit$$00000002)
    __rt_exit_exit                           0x80000427   Thumb Code     0  rtexit2.o(.ARM.Collect$$rtexit$$00000004)
    __aeabi_uldivmod                         0x8000042d   Thumb Code     0  lludivv7m.o(.text)
    _ll_udiv                                 0x8000042d   Thumb Code   238  lludivv7m.o(.text)
    __aeabi_ldivmod                          0x8000051b   Thumb Code     0  llsdiv.o(.text)
    _ll_sdiv                                 0x8000051b   Thumb Code    72  llsdiv.o(.text)
    strlen                                   0x80000563   Thumb Code    62  strlen.o(.text)
    __aeabi_memclr4                          0x800005a1   Thumb Code     0  rt_memclr_w.o(.text)
    __aeabi_memclr8                          0x800005a1   Thumb Code     0  rt_memclr_w.o(.text)
    __rt_memclr_w                            0x800005a1   Thumb Code    78  rt_memclr_w.o(.text)
    _memset_w                                0x800005a5   Thumb Code     0  rt_memclr_w.o(.text)
    __read_errno                             0x800005ef   Thumb Code    10  _rserrno.o(.text)
    __set_errno                              0x800005f9   Thumb Code    12  _rserrno.o(.text)
    __aeabi_errno_addr                       0x80000605   Thumb Code     8  rt_errno_addr_intlibspace.o(.text)
    __errno$intlibspace                      0x80000605   Thumb Code     0  rt_errno_addr_intlibspace.o(.text)
    __rt_errno_addr$intlibspace              0x80000605   Thumb Code     0  rt_errno_addr_intlibspace.o(.text)
    __I$use$semihosting                      0x8000060d   Thumb Code     0  use_no_semi.o(.text)
    __use_no_semihosting_swi                 0x8000060d   Thumb Code     2  use_no_semi.o(.text)
    __semihosting_library_function           0x8000060f   Thumb Code     0  indicate_semi.o(.text)
    exit                                     0x8000060f   Thumb Code    18  exit.o(.text)
    _sys_exit                                0x80000621   Thumb Code     8  sys_exit.o(.text)
    BOARD_BootClockRUN                       0x8000062d   Thumb Code  1356  clock_config.o(i.BOARD_BootClockRUN)
    BOARD_ConfigMPU                          0x80000ba1   Thumb Code   816  board.o(i.BOARD_ConfigMPU)
    BOARD_DebugConsoleSrcFreq                0x80000f05   Thumb Code    92  board.o(i.BOARD_DebugConsoleSrcFreq)
    BOARD_InitDebugConsole                   0x80000f7d   Thumb Code    24  board.o(i.BOARD_InitDebugConsole)
    BusFault_Handler                         0x80000f95   Thumb Code     4  common.o(i.BusFault_Handler)
    CAN1_DriverIRQHandler                    0x80000f99   Thumb Code    36  fsl_flexcan.o(i.CAN1_DriverIRQHandler)
    CAN2_DriverIRQHandler                    0x80001019   Thumb Code    36  fsl_flexcan.o(i.CAN2_DriverIRQHandler)
    CAN3_DriverIRQHandler                    0x80001099   Thumb Code    36  fsl_flexcan.o(i.CAN3_DriverIRQHandler)
    CLOCK_DeinitAudioPll                     0x80001221   Thumb Code    10  fsl_clock.o(i.CLOCK_DeinitAudioPll)
    CLOCK_DeinitEnetPll                      0x80001231   Thumb Code    10  fsl_clock.o(i.CLOCK_DeinitEnetPll)
    CLOCK_DeinitUsb2Pll                      0x80001241   Thumb Code     8  fsl_clock.o(i.CLOCK_DeinitUsb2Pll)
    CLOCK_DeinitVideoPll                     0x8000124d   Thumb Code    10  fsl_clock.o(i.CLOCK_DeinitVideoPll)
    CLOCK_GetAhbFreq                         0x80001401   Thumb Code    22  fsl_clock.o(i.CLOCK_GetAhbFreq)
    CLOCK_GetFreq                            0x8000143d   Thumb Code   274  fsl_clock.o(i.CLOCK_GetFreq)
    CLOCK_GetIpgFreq                         0x80001569   Thumb Code    22  fsl_clock.o(i.CLOCK_GetIpgFreq)
    CLOCK_GetPerClkFreq                      0x800015a5   Thumb Code    38  fsl_clock.o(i.CLOCK_GetPerClkFreq)
    CLOCK_GetPllFreq                         0x80001699   Thumb Code   738  fsl_clock.o(i.CLOCK_GetPllFreq)
    CLOCK_GetSemcFreq                        0x800019d1   Thumb Code    66  fsl_clock.o(i.CLOCK_GetSemcFreq)
    CLOCK_GetSysPfdFreq                      0x80001a19   Thumb Code   100  fsl_clock.o(i.CLOCK_GetSysPfdFreq)
    CLOCK_GetUsb1PfdFreq                     0x80001a85   Thumb Code   100  fsl_clock.o(i.CLOCK_GetUsb1PfdFreq)
    CLOCK_InitArmPll                         0x80001af1   Thumb Code    82  fsl_clock.o(i.CLOCK_InitArmPll)
    CLOCK_InitExternalClk                    0x80001b49   Thumb Code    76  fsl_clock.o(i.CLOCK_InitExternalClk)
    CLOCK_InitRcOsc24M                       0x80001be1   Thumb Code    16  fsl_clock.o(i.CLOCK_InitRcOsc24M)
    CLOCK_SwitchOsc                          0x80001d91   Thumb Code    20  fsl_clock.o(i.CLOCK_SwitchOsc)
    CSI_DriverIRQHandler                     0x80001da9   Thumb Code    16  fsl_csi.o(i.CSI_DriverIRQHandler)
    CSI_IRQHandler                           0x80001dc5   Thumb Code    24  isr.o(i.CSI_IRQHandler)
    DMA0_DMA16_DriverIRQHandler              0x800020e1   Thumb Code    48  fsl_edma.o(i.DMA0_DMA16_DriverIRQHandler)
    DMA10_DMA26_DriverIRQHandler             0x80002119   Thumb Code    48  fsl_edma.o(i.DMA10_DMA26_DriverIRQHandler)
    DMA11_DMA27_DriverIRQHandler             0x80002151   Thumb Code    48  fsl_edma.o(i.DMA11_DMA27_DriverIRQHandler)
    DMA12_DMA28_DriverIRQHandler             0x80002189   Thumb Code    48  fsl_edma.o(i.DMA12_DMA28_DriverIRQHandler)
    DMA13_DMA29_DriverIRQHandler             0x800021c1   Thumb Code    48  fsl_edma.o(i.DMA13_DMA29_DriverIRQHandler)
    DMA14_DMA30_DriverIRQHandler             0x800021f9   Thumb Code    48  fsl_edma.o(i.DMA14_DMA30_DriverIRQHandler)
    DMA15_DMA31_DriverIRQHandler             0x80002231   Thumb Code    48  fsl_edma.o(i.DMA15_DMA31_DriverIRQHandler)
    DMA1_DMA17_DriverIRQHandler              0x80002269   Thumb Code    48  fsl_edma.o(i.DMA1_DMA17_DriverIRQHandler)
    DMA2_DMA18_DriverIRQHandler              0x800022a1   Thumb Code    48  fsl_edma.o(i.DMA2_DMA18_DriverIRQHandler)
    DMA3_DMA19_DriverIRQHandler              0x800022d9   Thumb Code    48  fsl_edma.o(i.DMA3_DMA19_DriverIRQHandler)
    DMA4_DMA20_DriverIRQHandler              0x80002311   Thumb Code    48  fsl_edma.o(i.DMA4_DMA20_DriverIRQHandler)
    DMA5_DMA21_DriverIRQHandler              0x80002349   Thumb Code    48  fsl_edma.o(i.DMA5_DMA21_DriverIRQHandler)
    DMA6_DMA22_DriverIRQHandler              0x80002381   Thumb Code    48  fsl_edma.o(i.DMA6_DMA22_DriverIRQHandler)
    DMA7_DMA23_DriverIRQHandler              0x800023b9   Thumb Code    48  fsl_edma.o(i.DMA7_DMA23_DriverIRQHandler)
    DMA8_DMA24_DriverIRQHandler              0x800023f1   Thumb Code    48  fsl_edma.o(i.DMA8_DMA24_DriverIRQHandler)
    DMA9_DMA25_DriverIRQHandler              0x80002429   Thumb Code    48  fsl_edma.o(i.DMA9_DMA25_DriverIRQHandler)
    DbgConsole_Init                          0x80002461   Thumb Code   190  fsl_debug_console.o(i.DbgConsole_Init)
    DbgConsole_Printf                        0x80002599   Thumb Code    70  fsl_debug_console.o(i.DbgConsole_Printf)
    DbgConsole_SendDataReliable              0x800025e9   Thumb Code    76  fsl_debug_console.o(i.DbgConsole_SendDataReliable)
    DebugMon_Handler                         0x80002659   Thumb Code     4  common.o(i.DebugMon_Handler)
    EDMA_GetChannelStatusFlags               0x80002669   Thumb Code    70  fsl_edma.o(i.EDMA_GetChannelStatusFlags)
    EDMA_HandleIRQ                           0x80002715   Thumb Code   210  fsl_edma.o(i.EDMA_HandleIRQ)
    ENET2_DriverIRQHandler                   0x80002829   Thumb Code    10  fsl_enet.o(i.ENET2_DriverIRQHandler)
    ENET_1588_Timer_IRQHandler               0x80002839   Thumb Code    16  fsl_enet.o(i.ENET_1588_Timer_IRQHandler)
    ENET_CommonFrame0IRQHandler              0x80002855   Thumb Code    96  fsl_enet.o(i.ENET_CommonFrame0IRQHandler)
    ENET_DriverIRQHandler                    0x800028cd   Thumb Code    10  fsl_enet.o(i.ENET_DriverIRQHandler)
    ENET_GetInstance                         0x800028dd   Thumb Code    50  fsl_enet.o(i.ENET_GetInstance)
    FLEXIO1_DriverIRQHandler                 0x80002973   Thumb Code     8  fsl_flexio.o(i.FLEXIO1_DriverIRQHandler)
    FLEXIO2_DriverIRQHandler                 0x8000297b   Thumb Code     8  fsl_flexio.o(i.FLEXIO2_DriverIRQHandler)
    FLEXIO3_DriverIRQHandler                 0x80002983   Thumb Code     8  fsl_flexio.o(i.FLEXIO3_DriverIRQHandler)
    FLEXIO_CAMERA_ClearStatusFlags           0x8000298b   Thumb Code    62  fsl_flexio_camera.o(i.FLEXIO_CAMERA_ClearStatusFlags)
    FLEXIO_CommonIRQHandler                  0x800029cd   Thumb Code    44  fsl_flexio.o(i.FLEXIO_CommonIRQHandler)
    GPIO2_Combined_0_15_IRQHandler           0x80002a05   Thumb Code    56  isr.o(i.GPIO2_Combined_0_15_IRQHandler)
    GPIO2_Combined_16_31_IRQHandler          0x80002a45   Thumb Code    36  isr.o(i.GPIO2_Combined_16_31_IRQHandler)
    GPIO3_Combined_0_15_IRQHandler           0x80002a6d   Thumb Code    62  fsl_sdmmc_host.o(i.GPIO3_Combined_0_15_IRQHandler)
    GPIO_PinInit                             0x80002b51   Thumb Code   110  fsl_gpio.o(i.GPIO_PinInit)
    GPIO_PinSetInterruptConfig               0x80002c21   Thumb Code   138  fsl_gpio.o(i.GPIO_PinSetInterruptConfig)
    GPIO_PinWrite                            0x80002cad   Thumb Code    50  fsl_gpio.o(i.GPIO_PinWrite)
    GPT_Deinit                               0x80002d31   Thumb Code    32  fsl_gpt.o(i.GPT_Deinit)
    GPT_GetDefaultConfig                     0x80002d55   Thumb Code    52  fsl_gpt.o(i.GPT_GetDefaultConfig)
    GPT_Init                                 0x80002e51   Thumb Code   234  fsl_gpt.o(i.GPT_Init)
    HAL_UartInit                             0x80003071   Thumb Code   206  lpuart_adapter.o(i.HAL_UartInit)
    HAL_UartSendBlocking                     0x800031c1   Thumb Code    82  lpuart_adapter.o(i.HAL_UartSendBlocking)
    HardFault_Handler                        0x80003271   Thumb Code     4  common.o(i.HardFault_Handler)
    LPI2C1_DriverIRQHandler                  0x8000329d   Thumb Code    12  fsl_lpi2c.o(i.LPI2C1_DriverIRQHandler)
    LPI2C2_DriverIRQHandler                  0x800032ad   Thumb Code    12  fsl_lpi2c.o(i.LPI2C2_DriverIRQHandler)
    LPI2C3_DriverIRQHandler                  0x800032bd   Thumb Code    12  fsl_lpi2c.o(i.LPI2C3_DriverIRQHandler)
    LPI2C4_DriverIRQHandler                  0x800032cd   Thumb Code    12  fsl_lpi2c.o(i.LPI2C4_DriverIRQHandler)
    LPSPI1_DriverIRQHandler                  0x80003331   Thumb Code    34  fsl_lpspi.o(i.LPSPI1_DriverIRQHandler)
    LPSPI2_DriverIRQHandler                  0x800033a5   Thumb Code    34  fsl_lpspi.o(i.LPSPI2_DriverIRQHandler)
    LPSPI3_DriverIRQHandler                  0x80003419   Thumb Code    34  fsl_lpspi.o(i.LPSPI3_DriverIRQHandler)
    LPSPI4_DriverIRQHandler                  0x8000348d   Thumb Code    34  fsl_lpspi.o(i.LPSPI4_DriverIRQHandler)
    LPUART1_DriverIRQHandler                 0x80003531   Thumb Code    16  fsl_lpuart.o(i.LPUART1_DriverIRQHandler)
    LPUART2_DriverIRQHandler                 0x8000354d   Thumb Code    16  fsl_lpuart.o(i.LPUART2_DriverIRQHandler)
    LPUART3_DriverIRQHandler                 0x80003569   Thumb Code    16  fsl_lpuart.o(i.LPUART3_DriverIRQHandler)
    LPUART4_DriverIRQHandler                 0x80003585   Thumb Code    16  fsl_lpuart.o(i.LPUART4_DriverIRQHandler)
    LPUART5_DriverIRQHandler                 0x800035a1   Thumb Code    16  fsl_lpuart.o(i.LPUART5_DriverIRQHandler)
    LPUART6_DriverIRQHandler                 0x800035bd   Thumb Code    16  fsl_lpuart.o(i.LPUART6_DriverIRQHandler)
    LPUART7_DriverIRQHandler                 0x800035d9   Thumb Code    16  fsl_lpuart.o(i.LPUART7_DriverIRQHandler)
    LPUART8_DriverIRQHandler                 0x800035f5   Thumb Code    16  fsl_lpuart.o(i.LPUART8_DriverIRQHandler)
    LPUART_Deinit                            0x80003611   Thumb Code    78  fsl_lpuart.o(i.LPUART_Deinit)
    LPUART_GetDefaultConfig                  0x80003669   Thumb Code    66  fsl_lpuart.o(i.LPUART_GetDefaultConfig)
    LPUART_GetInstance                       0x800036f1   Thumb Code    48  fsl_lpuart.o(i.LPUART_GetInstance)
    LPUART_Init                              0x80003781   Thumb Code   556  fsl_lpuart.o(i.LPUART_Init)
    LPUART_WriteBlocking                     0x80003a1d   Thumb Code    72  fsl_lpuart.o(i.LPUART_WriteBlocking)
    MemManage_Handler                        0x80003aa9   Thumb Code     4  common.o(i.MemManage_Handler)
    NMI_Handler                              0x80003aad   Thumb Code     4  common.o(i.NMI_Handler)
    PIT_IRQHandler                           0x80003ad1   Thumb Code   100  isr.o(i.PIT_IRQHandler)
    PendSV_Handler                           0x80003b39   Thumb Code     4  common.o(i.PendSV_Handler)
    SAI1_DriverIRQHandler                    0x80003b3d   Thumb Code    68  fsl_sai.o(i.SAI1_DriverIRQHandler)
    SAI2_DriverIRQHandler                    0x80003b91   Thumb Code    68  fsl_sai.o(i.SAI2_DriverIRQHandler)
    SAI3_RX_DriverIRQHandler                 0x80003be5   Thumb Code    36  fsl_sai.o(i.SAI3_RX_DriverIRQHandler)
    SAI3_TX_DriverIRQHandler                 0x80003c61   Thumb Code    36  fsl_sai.o(i.SAI3_TX_DriverIRQHandler)
    SDMMCEVENT_Notify                        0x80003d39   Thumb Code    24  fsl_sdmmc_event.o(i.SDMMCEVENT_Notify)
    SPDIF_DriverIRQHandler                   0x80003d89   Thumb Code    52  fsl_spdif.o(i.SPDIF_DriverIRQHandler)
    SVC_Handler                              0x80003dcd   Thumb Code     4  common.o(i.SVC_Handler)
    SerialManager_Init                       0x80003dd1   Thumb Code    90  serial_manager.o(i.SerialManager_Init)
    SerialManager_OpenReadHandle             0x80003e49   Thumb Code    86  serial_manager.o(i.SerialManager_OpenReadHandle)
    SerialManager_OpenWriteHandle            0x80003ec1   Thumb Code    74  serial_manager.o(i.SerialManager_OpenWriteHandle)
    SerialManager_WriteBlocking              0x80003fed   Thumb Code    20  serial_manager.o(i.SerialManager_WriteBlocking)
    Serial_UartInit                          0x80004001   Thumb Code   102  serial_port_uart.o(i.Serial_UartInit)
    Serial_UartWrite                         0x8000408d   Thumb Code    74  serial_port_uart.o(i.Serial_UartWrite)
    StrFormatPrintf                          0x800040fd   Thumb Code  1586  fsl_str.o(i.StrFormatPrintf)
    SysTick_Handler                          0x80004731   Thumb Code    12  fsl_sdmmc_event.o(i.SysTick_Handler)
    USB_DeviceEhciIsrFunction                0x80004c63   Thumb Code    88  usb_device_ehci.o(i.USB_DeviceEhciIsrFunction)
    USB_DeviceNotificationTrigger            0x80004d67   Thumb Code    40  usb_device_dci.o(i.USB_DeviceNotificationTrigger)
    USB_OTG1_IRQHandler                      0x80004df5   Thumb Code    12  zf_usb_cdc.o(i.USB_OTG1_IRQHandler)
    USB_OTG2_IRQHandler                      0x80004e05   Thumb Code    12  zf_usb_cdc.o(i.USB_OTG2_IRQHandler)
    USDHC1_DriverIRQHandler                  0x80004e15   Thumb Code    18  fsl_usdhc.o(i.USDHC1_DriverIRQHandler)
    USDHC2_DriverIRQHandler                  0x80004e35   Thumb Code    18  fsl_usdhc.o(i.USDHC2_DriverIRQHandler)
    UsageFault_Handler                       0x80004e55   Thumb Code     4  common.o(i.UsageFault_Handler)
    __ARM_fpclassify                         0x80004e59   Thumb Code    48  fpclassify.o(i.__ARM_fpclassify)
    __aeabi_assert                           0x80004e89   Thumb Code    24  fsl_assert.o(i.__aeabi_assert)
    __hardfp_modf                            0x80004ecd   Thumb Code   186  modf.o(i.__hardfp_modf)
    __hardfp_pow                             0x80004f91   Thumb Code  2140  pow.o(i.__hardfp_pow)
    __kernel_poly                            0x80005889   Thumb Code   112  poly.o(i.__kernel_poly)
    __mathlib_dbl_divzero                    0x800058f9   Thumb Code    14  dunder.o(i.__mathlib_dbl_divzero)
    __mathlib_dbl_infnan2                    0x80005919   Thumb Code     6  dunder.o(i.__mathlib_dbl_infnan2)
    __mathlib_dbl_invalid                    0x80005921   Thumb Code    10  dunder.o(i.__mathlib_dbl_invalid)
    __mathlib_dbl_overflow                   0x80005939   Thumb Code    10  dunder.o(i.__mathlib_dbl_overflow)
    __mathlib_dbl_underflow                  0x80005951   Thumb Code    10  dunder.o(i.__mathlib_dbl_underflow)
    board_init                               0x80005969   Thumb Code    58  board.o(i.board_init)
    dma_restart                              0x800059ad   Thumb Code    20  zf_camera.o(i.dma_restart)
    fabs                                     0x800059c9   Thumb Code    24  fabs.o(i.fabs)
    flexio_flag_clear                        0x800059e1   Thumb Code    12  zf_camera.o(i.flexio_flag_clear)
    gpio_get                                 0x800059f1   Thumb Code    50  zf_gpio.o(i.gpio_get)
    gpio_init                                0x80005a65   Thumb Code    82  zf_gpio.o(i.gpio_init)
    gpio_set                                 0x80005abd   Thumb Code    56  zf_gpio.o(i.gpio_set)
    gpio_toggle                              0x80005af9   Thumb Code    28  zf_gpio.o(i.gpio_toggle)
    gpt_init                                 0x80005b19   Thumb Code    86  zf_systick.o(i.gpt_init)
    iomuxc_pinconf                           0x80005bd1   Thumb Code 23748  zf_iomuxc.o(i.iomuxc_pinconf)
    main                                     0x8000b8ad   Thumb Code   138  main.o(i.main)
    mt9v03x_vsync                            0x8000b93d   Thumb Code    26  seekfree_mt9v03x.o(i.mt9v03x_vsync)
    scc8660_vsync                            0x8000b961   Thumb Code    60  seekfree_scc8660.o(i.scc8660_vsync)
    sqrt                                     0x8000b9ad   Thumb Code   106  sqrt.o(i.sqrt)
    systick_delay                            0x8000ba19   Thumb Code    62  zf_systick.o(i.systick_delay)
    systick_delay_ms                         0x8000ba5d   Thumb Code    56  zf_systick.o(i.systick_delay_ms)
    uart_init                                0x8000ba95   Thumb Code    92  zf_uart.o(i.uart_init)
    uart_iomuxc                              0x8000baf5   Thumb Code   674  zf_uart.o(i.uart_iomuxc)
    __fpl_dcheck_NaN1                        0x8000bdcd   Thumb Code    10  dcheck1.o(x$fpl$dcheck1)
    __aeabi_l2d                              0x8000bddd   Thumb Code     0  dfltll_clz.o(x$fpl$dfltll)
    _ll_sto_d                                0x8000bddd   Thumb Code   162  dfltll_clz.o(x$fpl$dfltll)
    __fpl_dnaninf                            0x8000be7f   Thumb Code   156  dnaninf.o(x$fpl$dnaninf)
    _fp_init                                 0x8000bf1b   Thumb Code    10  fpinit.o(x$fpl$fpinit)
    __fplib_config_fpu_vfp                   0x8000bf23   Thumb Code     0  fpinit.o(x$fpl$fpinit)
    __fplib_config_pureend_doubles           0x8000bf23   Thumb Code     0  fpinit.o(x$fpl$fpinit)
    __aeabi_d2lz                             0x8000bf25   Thumb Code     0  dfixll.o(x$fpl$llsfromd)
    _ll_sfrom_d                              0x8000bf25   Thumb Code   194  dfixll.o(x$fpl$llsfromd)
    __fpl_return_NaN                         0x8000bfe7   Thumb Code   100  retnan.o(x$fpl$retnan)
    __ARM_scalbn                             0x8000c04b   Thumb Code    92  scalbn.o(x$fpl$scalbn)
    __fpl_cmpreturn                          0x8000c0a7   Thumb Code    48  trapv.o(x$fpl$trapveneer)
    __I$use$fp                               0x8000c0d6   Number         0  usenofp.o(x$fpl$usenofp)
    armPllConfig_BOARD_BootClockRUN          0x8000c0d8   Data           8  clock_config.o(.constdata)
    sysPllConfig_BOARD_BootClockRUN          0x8000c0e0   Data          20  clock_config.o(.constdata)
    usb1PllConfig_BOARD_BootClockRUN         0x8000c0f4   Data           2  clock_config.o(.constdata)
    s_enetClock                              0x8000c12c   Data           6  fsl_enet.o(.constdata)
    __mathlib_zero                           0x8000c290   Data           8  qnan.o(.constdata)



==============================================================================

Memory Map of the image

  Image Entry point : 0x70002401

  Load Region LR_m_rom_config (Base: 0x70000000, Size: 0x00000200, Max: 0x00001000, ABSOLUTE)

    Execution Region RW_m_config_text (Exec base: 0x70000000, Load base: 0x70000000, Size: 0x00000200, Max: 0x00001000, ABSOLUTE)

    Exec Addr    Load Addr    Size         Type   Attr      Idx    E Section Name        Object

    0x70000000   0x70000000   0x00000200   Data   RO        15195    .boot_hdr.conf      evkmimxrt1064_flexspi_nor_config.o



  Load Region LR_m_rom_ivt (Base: 0x70001000, Size: 0x00000460, Max: 0x00001000, ABSOLUTE)

    Execution Region RW_m_ivt_text (Exec base: 0x70001000, Load base: 0x70001000, Size: 0x00000460, Max: 0x00001000, ABSOLUTE)

    Exec Addr    Load Addr    Size         Type   Attr      Idx    E Section Name        Object

    0x70001000   0x70001000   0x00000020   Data   RO        15232    .boot_hdr.ivt       fsl_flexspi_nor_boot.o
    0x70001020   0x70001020   0x00000010   Data   RO        15231    .boot_hdr.boot_data  fsl_flexspi_nor_boot.o
    0x70001030   0x70001030   0x00000430   Data   RO        15216    .boot_hdr.dcd_data  evkmimxrt1064_sdram_ini_dcd.o



  Load Region LR_m_text (Base: 0x70002000, Size: 0x0000c9d4, Max: 0x703ffc00, ABSOLUTE)

    Execution Region ITCM_ncache (Exec base: 0x00000000, Load base: 0x7000e9d4, Size: 0x00000000, Max: 0x00010000, ABSOLUTE)

    **** No section assigned to this execution region ****


    Execution Region RW_m_data (Exec base: 0x20000000, Load base: 0x7000e984, Size: 0x0000059c, Max: 0x0006ec00, ABSOLUTE)

    Exec Addr    Load Addr    Size         Type   Attr      Idx    E Section Name        Object

    0x20000000   0x7000e984   0x00000004   Data   RW          864    .data               system_mimxrt1064.o
    0x20000004   0x7000e988   0x00000028   Data   RW        11076    .data               zf_gpio.o
    0x2000002c   0x7000e9b0   0x00000024   Data   RW        12052    .data               zf_uart.o
    0x20000050        -       0x00000008   Zero   RW         1365    .bss                fsl_clock.o
    0x20000058        -       0x00000008   Zero   RW         1752    .bss                fsl_csi.o
    0x20000060        -       0x00000081   Zero   RW         2353    .bss                fsl_edma.o
    0x200000e1   0x7000e9d4   0x00000003   PAD
    0x200000e4        -       0x0000001c   Zero   RW         2885    .bss                fsl_enet.o
    0x20000100        -       0x00000014   Zero   RW         3210    .bss                fsl_flexcan.o
    0x20000114        -       0x00000018   Zero   RW         3575    .bss                fsl_flexio.o
    0x2000012c        -       0x00000030   Zero   RW         5333    .bss                fsl_lpi2c.o
    0x2000015c        -       0x00000021   Zero   RW         5720    .bss                fsl_lpspi.o
    0x2000017d   0x7000e9d4   0x00000003   PAD
    0x20000180        -       0x00000028   Zero   RW         6148    .bss                fsl_lpuart.o
    0x200001a8        -       0x00000028   Zero   RW         7007    .bss                fsl_sai.o
    0x200001d0        -       0x00000010   Zero   RW         7985    .bss                fsl_spdif.o
    0x200001e0        -       0x00000010   Zero   RW         8523    .bss                fsl_usdhc.o
    0x200001f0        -       0x0000000c   Zero   RW         9568    .bss                fsl_sdmmc_event.o
    0x200001fc        -       0x00000034   Zero   RW         9658    .bss                fsl_sdmmc_host.o
    0x20000230        -       0x00000058   Zero   RW        10831    .bss                zf_camera.o
    0x20000288        -       0x00000001   Zero   RW        11973    .bss                zf_systick.o
    0x20000289   0x7000e9d4   0x00000003   PAD
    0x2000028c        -       0x00000008   Zero   RW        12159    .bss                common.o
    0x20000294        -       0x00000238   Zero   RW        12273    .bss                zf_usb_cdc.o
    0x200004cc        -       0x00000049   Zero   RW        13656    .bss                seekfree_scc8660.o
    0x20000515        -       0x00000001   Zero   RW        14956    .bss                main.o
    0x20000516   0x7000e9d4   0x00000002   PAD
    0x20000518        -       0x00000024   Zero   RW        15039    .bss                fsl_debug_console.o
    0x2000053c        -       0x00000060   Zero   RW        15576    .bss                c_w.l(libspace.o)


    Execution Region ARM_LIB_HEAP (Exec base: 0x2000059c, Load base: 0x7000e9d4, Size: 0x00000400, Max: 0x00000400, ABSOLUTE)

    Exec Addr    Load Addr    Size         Type   Attr      Idx    E Section Name        Object

    0x2000059c        -       0x00000400   Zero   RW            2    ARM_LIB_HEAP.bss    anon$$obj.o


    Execution Region ARM_LIB_STACK (Exec base: 0x2006f000, Load base: 0x7000e9d4, Size: 0x00001000, Max: 0x00001000, ABSOLUTE)

    Exec Addr    Load Addr    Size         Type   Attr      Idx    E Section Name        Object

    0x2006f000        -       0x00001000   Zero   RW            3    ARM_LIB_STACK.bss   anon$$obj.o


    Execution Region OCRAM_cache (Exec base: 0x20200000, Load base: 0x7000e9d4, Size: 0x00000000, Max: 0x00080000, ABSOLUTE)

    **** No section assigned to this execution region ****


    Execution Region VECTOR_ROM (Exec base: 0x70002000, Load base: 0x70002000, Size: 0x00000400, Max: 0x00000400, ABSOLUTE)

    Exec Addr    Load Addr    Size         Type   Attr      Idx    E Section Name        Object

    0x70002000   0x70002000   0x00000400   Data   RO        14193    RESET               startup_mimxrt1064.o


    Execution Region ER_m_text (Exec base: 0x70002400, Load base: 0x70002400, Size: 0x0000052c, Max: 0x003fdc00, ABSOLUTE)

    Exec Addr    Load Addr    Size         Type   Attr      Idx    E Section Name        Object

    0x70002400   0x70002400   0x00000008   Code   RO        15401  * !!!main             c_w.l(__main.o)
    0x70002408   0x70002408   0x00000034   Code   RO        15831    !!!scatter          c_w.l(__scatter.o)
    0x7000243c   0x7000243c   0x0000001a   Code   RO        15833    !!handler_copy      c_w.l(__scatter_copy.o)
    0x70002456   0x70002456   0x00000002   PAD
    0x70002458   0x70002458   0x0000001c   Code   RO        15835    !!handler_zi        c_w.l(__scatter_zi.o)
    0x70002474   0x70002474   0x00000224   Code   RO        14194    .text               startup_mimxrt1064.o
    0x70002698   0x70002698   0x0000000a   Ven    RO        15837    Veneer$$Code        anon$$obj.o
    0x700026a2   0x700026a2   0x00000002   PAD
    0x700026a4   0x700026a4   0x00000254   Code   RO          862    i.SystemInit        system_mimxrt1064.o
    0x700028f8   0x700028f8   0x00000002   Code   RO          863    i.SystemInitHook    system_mimxrt1064.o
    0x700028fa   0x700028fa   0x00000002   PAD
    0x700028fc   0x700028fc   0x00000030   Data   RO        15829    Region$$Table       anon$$obj.o


    Execution Region VECTOR_RAM (Exec base: 0x80000000, Load base: 0x7000292c, Size: 0x00000400, Max: 0x00000400, ABSOLUTE)

    Exec Addr    Load Addr    Size         Type   Attr      Idx    E Section Name        Object

    0x80000000        -       0x00000400   Zero   RW            1    VECTOR_RAM.bss      anon$$obj.o


    Execution Region ER_m_ram_text (Exec base: 0x80000400, Load base: 0x7000292c, Size: 0x0000c058, Max: 0x01dfdc00, ABSOLUTE)

    Exec Addr    Load Addr    Size         Type   Attr      Idx    E Section Name        Object

    0x80000400   0x7000292c   0x00000002   Code   RO        15709    .ARM.Collect$$libinit$$00000000  c_w.l(libinit.o)
    0x80000402   0x7000292e   0x00000004   Code   RO        15486    .ARM.Collect$$libinit$$00000001  c_w.l(libinit2.o)
    0x80000406   0x70002932   0x00000000   Code   RO        15489    .ARM.Collect$$libinit$$00000004  c_w.l(libinit2.o)
    0x80000406   0x70002932   0x00000000   Code   RO        15492    .ARM.Collect$$libinit$$0000000A  c_w.l(libinit2.o)
    0x80000406   0x70002932   0x00000000   Code   RO        15494    .ARM.Collect$$libinit$$0000000C  c_w.l(libinit2.o)
    0x80000406   0x70002932   0x00000000   Code   RO        15496    .ARM.Collect$$libinit$$0000000E  c_w.l(libinit2.o)
    0x80000406   0x70002932   0x00000000   Code   RO        15499    .ARM.Collect$$libinit$$00000011  c_w.l(libinit2.o)
    0x80000406   0x70002932   0x00000000   Code   RO        15501    .ARM.Collect$$libinit$$00000013  c_w.l(libinit2.o)
    0x80000406   0x70002932   0x00000000   Code   RO        15503    .ARM.Collect$$libinit$$00000015  c_w.l(libinit2.o)
    0x80000406   0x70002932   0x00000000   Code   RO        15505    .ARM.Collect$$libinit$$00000017  c_w.l(libinit2.o)
    0x80000406   0x70002932   0x00000000   Code   RO        15507    .ARM.Collect$$libinit$$00000019  c_w.l(libinit2.o)
    0x80000406   0x70002932   0x00000000   Code   RO        15509    .ARM.Collect$$libinit$$0000001B  c_w.l(libinit2.o)
    0x80000406   0x70002932   0x00000000   Code   RO        15511    .ARM.Collect$$libinit$$0000001D  c_w.l(libinit2.o)
    0x80000406   0x70002932   0x00000000   Code   RO        15513    .ARM.Collect$$libinit$$0000001F  c_w.l(libinit2.o)
    0x80000406   0x70002932   0x00000000   Code   RO        15515    .ARM.Collect$$libinit$$00000021  c_w.l(libinit2.o)
    0x80000406   0x70002932   0x00000000   Code   RO        15517    .ARM.Collect$$libinit$$00000023  c_w.l(libinit2.o)
    0x80000406   0x70002932   0x00000000   Code   RO        15519    .ARM.Collect$$libinit$$00000025  c_w.l(libinit2.o)
    0x80000406   0x70002932   0x00000000   Code   RO        15523    .ARM.Collect$$libinit$$0000002C  c_w.l(libinit2.o)
    0x80000406   0x70002932   0x00000000   Code   RO        15525    .ARM.Collect$$libinit$$0000002E  c_w.l(libinit2.o)
    0x80000406   0x70002932   0x00000000   Code   RO        15527    .ARM.Collect$$libinit$$00000030  c_w.l(libinit2.o)
    0x80000406   0x70002932   0x00000000   Code   RO        15529    .ARM.Collect$$libinit$$00000032  c_w.l(libinit2.o)
    0x80000406   0x70002932   0x00000002   Code   RO        15530    .ARM.Collect$$libinit$$00000033  c_w.l(libinit2.o)
    0x80000408   0x70002934   0x00000002   Code   RO        15812    .ARM.Collect$$libshutdown$$00000000  c_w.l(libshutdown.o)
    0x8000040a   0x70002936   0x00000000   Code   RO        15736    .ARM.Collect$$libshutdown$$00000002  c_w.l(libshutdown2.o)
    0x8000040a   0x70002936   0x00000000   Code   RO        15738    .ARM.Collect$$libshutdown$$00000004  c_w.l(libshutdown2.o)
    0x8000040a   0x70002936   0x00000000   Code   RO        15740    .ARM.Collect$$libshutdown$$00000006  c_w.l(libshutdown2.o)
    0x8000040a   0x70002936   0x00000000   Code   RO        15743    .ARM.Collect$$libshutdown$$00000009  c_w.l(libshutdown2.o)
    0x8000040a   0x70002936   0x00000000   Code   RO        15746    .ARM.Collect$$libshutdown$$0000000C  c_w.l(libshutdown2.o)
    0x8000040a   0x70002936   0x00000000   Code   RO        15748    .ARM.Collect$$libshutdown$$0000000E  c_w.l(libshutdown2.o)
    0x8000040a   0x70002936   0x00000000   Code   RO        15751    .ARM.Collect$$libshutdown$$00000011  c_w.l(libshutdown2.o)
    0x8000040a   0x70002936   0x00000002   Code   RO        15752    .ARM.Collect$$libshutdown$$00000012  c_w.l(libshutdown2.o)
    0x8000040c   0x70002938   0x00000000   Code   RO        15441    .ARM.Collect$$rtentry$$00000000  c_w.l(__rtentry.o)
    0x8000040c   0x70002938   0x00000000   Code   RO        15579    .ARM.Collect$$rtentry$$00000002  c_w.l(__rtentry2.o)
    0x8000040c   0x70002938   0x00000004   Code   RO        15593    .ARM.Collect$$rtentry$$00000007  c_w.l(__rtentry7.o)
    0x80000410   0x7000293c   0x00000000   Code   RO        15581    .ARM.Collect$$rtentry$$00000009  c_w.l(__rtentry2.o)
    0x80000410   0x7000293c   0x00000004   Code   RO        15582    .ARM.Collect$$rtentry$$0000000A  c_w.l(__rtentry2.o)
    0x80000414   0x70002940   0x00000000   Code   RO        15584    .ARM.Collect$$rtentry$$0000000C  c_w.l(__rtentry2.o)
    0x80000414   0x70002940   0x00000008   Code   RO        15585    .ARM.Collect$$rtentry$$0000000D  c_w.l(__rtentry2.o)
    0x8000041c   0x70002948   0x00000004   Code   RO        15594    .ARM.Collect$$rtentry$$00002718  c_w.l(__rtentry7.o)
    0x80000420   0x7000294c   0x00000002   Code   RO        15716    .ARM.Collect$$rtexit$$00000000  c_w.l(rtexit.o)
    0x80000422   0x7000294e   0x00000000   Code   RO        15776    .ARM.Collect$$rtexit$$00000002  c_w.l(rtexit2.o)
    0x80000422   0x7000294e   0x00000004   Code   RO        15777    .ARM.Collect$$rtexit$$00000003  c_w.l(rtexit2.o)
    0x80000426   0x70002952   0x00000006   Code   RO        15778    .ARM.Collect$$rtexit$$00000004  c_w.l(rtexit2.o)
    0x8000042c   0x70002958   0x000000ee   Code   RO        15354    .text               c_w.l(lludivv7m.o)
    0x8000051a   0x70002a46   0x00000048   Code   RO        15358    .text               c_w.l(llsdiv.o)
    0x80000562   0x70002a8e   0x0000003e   Code   RO        15391    .text               c_w.l(strlen.o)
    0x800005a0   0x70002acc   0x0000004e   Code   RO        15399    .text               c_w.l(rt_memclr_w.o)
    0x800005ee   0x70002b1a   0x00000016   Code   RO        15471    .text               c_w.l(_rserrno.o)
    0x80000604   0x70002b30   0x00000008   Code   RO        15608    .text               c_w.l(rt_errno_addr_intlibspace.o)
    0x8000060c   0x70002b38   0x00000002   Code   RO        15675    .text               c_w.l(use_no_semi.o)
    0x8000060e   0x70002b3a   0x00000000   Code   RO        15677    .text               c_w.l(indicate_semi.o)
    0x8000060e   0x70002b3a   0x00000012   Code   RO        15688    .text               c_w.l(exit.o)
    0x80000620   0x70002b4c   0x0000000c   Code   RO        15712    .text               c_w.l(sys_exit.o)
    0x8000062c   0x70002b58   0x00000574   Code   RO          171    i.BOARD_BootClockRUN  clock_config.o
    0x80000ba0   0x700030cc   0x00000364   Code   RO            7    i.BOARD_ConfigMPU   board.o
    0x80000f04   0x70003430   0x00000078   Code   RO            8    i.BOARD_DebugConsoleSrcFreq  board.o
    0x80000f7c   0x700034a8   0x00000018   Code   RO            9    i.BOARD_InitDebugConsole  board.o
    0x80000f94   0x700034c0   0x00000004   Code   RO        12151    i.BusFault_Handler  common.o
    0x80000f98   0x700034c4   0x00000080   Code   RO         3141    i.CAN1_DriverIRQHandler  fsl_flexcan.o
    0x80001018   0x70003544   0x00000080   Code   RO         3142    i.CAN2_DriverIRQHandler  fsl_flexcan.o
    0x80001098   0x700035c4   0x00000080   Code   RO         3143    i.CAN3_DriverIRQHandler  fsl_flexcan.o
    0x80001118   0x70003644   0x00000084   Code   RO         5173    i.CLOCK_ControlGate  fsl_gpt.o
    0x8000119c   0x700036c8   0x00000084   Code   RO         6112    i.CLOCK_ControlGate  fsl_lpuart.o
    0x80001220   0x7000374c   0x00000010   Code   RO         1327    i.CLOCK_DeinitAudioPll  fsl_clock.o
    0x80001230   0x7000375c   0x00000010   Code   RO         1328    i.CLOCK_DeinitEnetPll  fsl_clock.o
    0x80001240   0x7000376c   0x0000000c   Code   RO         1335    i.CLOCK_DeinitUsb2Pll  fsl_clock.o
    0x8000124c   0x70003778   0x00000010   Code   RO         1336    i.CLOCK_DeinitVideoPll  fsl_clock.o
    0x8000125c   0x70003788   0x0000008c   Code   RO          173    i.CLOCK_DisableClock  clock_config.o
    0x800012e8   0x70003814   0x0000008c   Code   RO         5122    i.CLOCK_EnableClock  fsl_gpio.o
    0x80001374   0x700038a0   0x0000008c   Code   RO        11248    i.CLOCK_EnableClock  zf_iomuxc.o
    0x80001400   0x7000392c   0x0000001c   Code   RO         1343    i.CLOCK_GetAhbFreq  fsl_clock.o
    0x8000141c   0x70003948   0x00000020   Code   RO           12    i.CLOCK_GetDiv      board.o
    0x8000143c   0x70003968   0x0000012c   Code   RO         1344    i.CLOCK_GetFreq     fsl_clock.o
    0x80001568   0x70003a94   0x0000001c   Code   RO         1345    i.CLOCK_GetIpgFreq  fsl_clock.o
    0x80001584   0x70003ab0   0x00000020   Code   RO         1346    i.CLOCK_GetOscFreq  fsl_clock.o
    0x800015a4   0x70003ad0   0x0000002c   Code   RO         1347    i.CLOCK_GetPerClkFreq  fsl_clock.o
    0x800015d0   0x70003afc   0x000000c8   Code   RO         1348    i.CLOCK_GetPeriphClkFreq  fsl_clock.o
    0x80001698   0x70003bc4   0x00000338   Code   RO         1349    i.CLOCK_GetPllFreq  fsl_clock.o
    0x800019d0   0x70003efc   0x00000048   Code   RO         1350    i.CLOCK_GetSemcFreq  fsl_clock.o
    0x80001a18   0x70003f44   0x0000006c   Code   RO         1351    i.CLOCK_GetSysPfdFreq  fsl_clock.o
    0x80001a84   0x70003fb0   0x0000006c   Code   RO         1352    i.CLOCK_GetUsb1PfdFreq  fsl_clock.o
    0x80001af0   0x7000401c   0x00000058   Code   RO         1353    i.CLOCK_InitArmPll  fsl_clock.o
    0x80001b48   0x70004074   0x00000098   Code   RO         1356    i.CLOCK_InitExternalClk  fsl_clock.o
    0x80001be0   0x7000410c   0x00000018   Code   RO         1357    i.CLOCK_InitRcOsc24M  fsl_clock.o
    0x80001bf8   0x70004124   0x000000bc   Code   RO          174    i.CLOCK_SetDiv      clock_config.o
    0x80001cb4   0x700041e0   0x000000bc   Code   RO          175    i.CLOCK_SetMux      clock_config.o
    0x80001d70   0x7000429c   0x00000020   Code   RO          176    i.CLOCK_SetPllBypass  clock_config.o
    0x80001d90   0x700042bc   0x00000018   Code   RO         1364    i.CLOCK_SwitchOsc   fsl_clock.o
    0x80001da8   0x700042d4   0x0000001c   Code   RO         1731    i.CSI_DriverIRQHandler  fsl_csi.o
    0x80001dc4   0x700042f0   0x00000018   Code   RO        14838    i.CSI_IRQHandler    isr.o
    0x80001ddc   0x70004308   0x000001b2   Code   RO        15150    i.ConvertFloatRadixNumToString  fsl_str.o
    0x80001f8e   0x700044ba   0x00000150   Code   RO        15151    i.ConvertRadixNumToString  fsl_str.o
    0x800020de   0x7000460a   0x00000002   PAD
    0x800020e0   0x7000460c   0x00000038   Code   RO         2300    i.DMA0_DMA16_DriverIRQHandler  fsl_edma.o
    0x80002118   0x70004644   0x00000038   Code   RO         2301    i.DMA10_DMA26_DriverIRQHandler  fsl_edma.o
    0x80002150   0x7000467c   0x00000038   Code   RO         2302    i.DMA11_DMA27_DriverIRQHandler  fsl_edma.o
    0x80002188   0x700046b4   0x00000038   Code   RO         2303    i.DMA12_DMA28_DriverIRQHandler  fsl_edma.o
    0x800021c0   0x700046ec   0x00000038   Code   RO         2304    i.DMA13_DMA29_DriverIRQHandler  fsl_edma.o
    0x800021f8   0x70004724   0x00000038   Code   RO         2305    i.DMA14_DMA30_DriverIRQHandler  fsl_edma.o
    0x80002230   0x7000475c   0x00000038   Code   RO         2306    i.DMA15_DMA31_DriverIRQHandler  fsl_edma.o
    0x80002268   0x70004794   0x00000038   Code   RO         2307    i.DMA1_DMA17_DriverIRQHandler  fsl_edma.o
    0x800022a0   0x700047cc   0x00000038   Code   RO         2308    i.DMA2_DMA18_DriverIRQHandler  fsl_edma.o
    0x800022d8   0x70004804   0x00000038   Code   RO         2309    i.DMA3_DMA19_DriverIRQHandler  fsl_edma.o
    0x80002310   0x7000483c   0x00000038   Code   RO         2310    i.DMA4_DMA20_DriverIRQHandler  fsl_edma.o
    0x80002348   0x70004874   0x00000038   Code   RO         2311    i.DMA5_DMA21_DriverIRQHandler  fsl_edma.o
    0x80002380   0x700048ac   0x00000038   Code   RO         2312    i.DMA6_DMA22_DriverIRQHandler  fsl_edma.o
    0x800023b8   0x700048e4   0x00000038   Code   RO         2313    i.DMA7_DMA23_DriverIRQHandler  fsl_edma.o
    0x800023f0   0x7000491c   0x00000038   Code   RO         2314    i.DMA8_DMA24_DriverIRQHandler  fsl_edma.o
    0x80002428   0x70004954   0x00000038   Code   RO         2315    i.DMA9_DMA25_DriverIRQHandler  fsl_edma.o
    0x80002460   0x7000498c   0x000000f8   Code   RO        15029    i.DbgConsole_Init   fsl_debug_console.o
    0x80002558   0x70004a84   0x0000003e   Code   RO        15030    i.DbgConsole_PrintCallback  fsl_debug_console.o
    0x80002596   0x70004ac2   0x00000002   PAD
    0x80002598   0x70004ac4   0x00000050   Code   RO        15031    i.DbgConsole_Printf  fsl_debug_console.o
    0x800025e8   0x70004b14   0x00000070   Code   RO        15038    i.DbgConsole_SendDataReliable  fsl_debug_console.o
    0x80002658   0x70004b84   0x00000004   Code   RO        12152    i.DebugMon_Handler  common.o
    0x8000265c   0x70004b88   0x0000000c   Code   RO          411    i.DisableGlobalIRQ  serial_manager.o
    0x80002668   0x70004b94   0x000000ac   Code   RO         2323    i.EDMA_GetChannelStatusFlags  fsl_edma.o
    0x80002714   0x70004c40   0x00000114   Code   RO         2328    i.EDMA_HandleIRQ    fsl_edma.o
    0x80002828   0x70004d54   0x00000010   Code   RO         2849    i.ENET2_DriverIRQHandler  fsl_enet.o
    0x80002838   0x70004d64   0x0000001c   Code   RO         2850    i.ENET_1588_Timer_IRQHandler  fsl_enet.o
    0x80002854   0x70004d80   0x00000078   Code   RO         2853    i.ENET_CommonFrame0IRQHandler  fsl_enet.o
    0x800028cc   0x70004df8   0x00000010   Code   RO         2855    i.ENET_DriverIRQHandler  fsl_enet.o
    0x800028dc   0x70004e08   0x0000008c   Code   RO         2859    i.ENET_GetInstance  fsl_enet.o
    0x80002968   0x70004e94   0x0000000a   Code   RO          412    i.EnableGlobalIRQ   serial_manager.o
    0x80002972   0x70004e9e   0x00000008   Code   RO         3559    i.FLEXIO1_DriverIRQHandler  fsl_flexio.o
    0x8000297a   0x70004ea6   0x00000008   Code   RO         3560    i.FLEXIO2_DriverIRQHandler  fsl_flexio.o
    0x80002982   0x70004eae   0x00000008   Code   RO         3561    i.FLEXIO3_DriverIRQHandler  fsl_flexio.o
    0x8000298a   0x70004eb6   0x0000003e   Code   RO         3690    i.FLEXIO_CAMERA_ClearStatusFlags  fsl_flexio_camera.o
    0x800029c8   0x70004ef4   0x00000004   Code   RO         3698    i.FLEXIO_ClearShifterErrorFlags  fsl_flexio_camera.o
    0x800029cc   0x70004ef8   0x00000038   Code   RO         3562    i.FLEXIO_CommonIRQHandler  fsl_flexio.o
    0x80002a04   0x70004f30   0x00000040   Code   RO        14839    i.GPIO2_Combined_0_15_IRQHandler  isr.o
    0x80002a44   0x70004f70   0x00000028   Code   RO        14840    i.GPIO2_Combined_16_31_IRQHandler  isr.o
    0x80002a6c   0x70004f98   0x00000048   Code   RO         9635    i.GPIO3_Combined_0_15_IRQHandler  fsl_sdmmc_host.o
    0x80002ab4   0x70004fe0   0x0000000a   Code   RO        11062    i.GPIO_ClearPinsOutput  zf_gpio.o
    0x80002abe   0x70004fea   0x00000002   PAD
    0x80002ac0   0x70004fec   0x00000088   Code   RO         5123    i.GPIO_GetInstance  fsl_gpio.o
    0x80002b48   0x70005074   0x00000008   Code   RO        14841    i.GPIO_GetPinsInterruptFlags  isr.o
    0x80002b50   0x7000507c   0x00000074   Code   RO         5124    i.GPIO_PinInit      fsl_gpio.o
    0x80002bc4   0x700050f0   0x0000005c   Code   RO         9636    i.GPIO_PinRead      fsl_sdmmc_host.o
    0x80002c20   0x7000514c   0x0000008a   Code   RO         5125    i.GPIO_PinSetInterruptConfig  fsl_gpio.o
    0x80002caa   0x700051d6   0x00000002   PAD
    0x80002cac   0x700051d8   0x00000070   Code   RO         5126    i.GPIO_PinWrite     fsl_gpio.o
    0x80002d1c   0x70005248   0x00000004   Code   RO         9637    i.GPIO_PortClearInterruptFlags  fsl_sdmmc_host.o
    0x80002d20   0x7000524c   0x00000006   Code   RO        11063    i.GPIO_PortToggle   zf_gpio.o
    0x80002d26   0x70005252   0x0000000a   Code   RO        11064    i.GPIO_SetPinsOutput  zf_gpio.o
    0x80002d30   0x7000525c   0x00000024   Code   RO         5174    i.GPT_Deinit        fsl_gpt.o
    0x80002d54   0x70005280   0x00000074   Code   RO         5175    i.GPT_GetDefaultConfig  fsl_gpt.o
    0x80002dc8   0x700052f4   0x00000088   Code   RO         5176    i.GPT_GetInstance   fsl_gpt.o
    0x80002e50   0x7000537c   0x0000018c   Code   RO         5177    i.GPT_Init          fsl_gpt.o
    0x80002fdc   0x70005508   0x0000007c   Code   RO        11965    i.GPT_SetOutputCompareValue  zf_systick.o
    0x80003058   0x70005584   0x0000000a   Code   RO        11966    i.GPT_StartTimer    zf_systick.o
    0x80003062   0x7000558e   0x0000000e   Code   RO          581    i.HAL_UartGetStatus  lpuart_adapter.o
    0x80003070   0x7000559c   0x00000150   Code   RO          582    i.HAL_UartInit      lpuart_adapter.o
    0x800031c0   0x700056ec   0x000000b0   Code   RO          584    i.HAL_UartSendBlocking  lpuart_adapter.o
    0x80003270   0x7000579c   0x00000004   Code   RO        12153    i.HardFault_Handler  common.o
    0x80003274   0x700057a0   0x0000000c   Code   RO        11249    i.IOMUXC_SetPinConfig  zf_iomuxc.o
    0x80003280   0x700057ac   0x0000001a   Code   RO        11250    i.IOMUXC_SetPinMux  zf_iomuxc.o
    0x8000329a   0x700057c6   0x00000002   PAD
    0x8000329c   0x700057c8   0x00000010   Code   RO         5284    i.LPI2C1_DriverIRQHandler  fsl_lpi2c.o
    0x800032ac   0x700057d8   0x00000010   Code   RO         5285    i.LPI2C2_DriverIRQHandler  fsl_lpi2c.o
    0x800032bc   0x700057e8   0x00000010   Code   RO         5286    i.LPI2C3_DriverIRQHandler  fsl_lpi2c.o
    0x800032cc   0x700057f8   0x00000010   Code   RO         5287    i.LPI2C4_DriverIRQHandler  fsl_lpi2c.o
    0x800032dc   0x70005808   0x00000054   Code   RO         5289    i.LPI2C_CommonIRQHandler  fsl_lpi2c.o
    0x80003330   0x7000585c   0x00000074   Code   RO         5672    i.LPSPI1_DriverIRQHandler  fsl_lpspi.o
    0x800033a4   0x700058d0   0x00000074   Code   RO         5673    i.LPSPI2_DriverIRQHandler  fsl_lpspi.o
    0x80003418   0x70005944   0x00000074   Code   RO         5674    i.LPSPI3_DriverIRQHandler  fsl_lpspi.o
    0x8000348c   0x700059b8   0x00000074   Code   RO         5675    i.LPSPI4_DriverIRQHandler  fsl_lpspi.o
    0x80003500   0x70005a2c   0x00000030   Code   RO         5679    i.LPSPI_CommonIRQHandler  fsl_lpspi.o
    0x80003530   0x70005a5c   0x0000001c   Code   RO         6113    i.LPUART1_DriverIRQHandler  fsl_lpuart.o
    0x8000354c   0x70005a78   0x0000001c   Code   RO         6114    i.LPUART2_DriverIRQHandler  fsl_lpuart.o
    0x80003568   0x70005a94   0x0000001c   Code   RO         6115    i.LPUART3_DriverIRQHandler  fsl_lpuart.o
    0x80003584   0x70005ab0   0x0000001c   Code   RO         6116    i.LPUART4_DriverIRQHandler  fsl_lpuart.o
    0x800035a0   0x70005acc   0x0000001c   Code   RO         6117    i.LPUART5_DriverIRQHandler  fsl_lpuart.o
    0x800035bc   0x70005ae8   0x0000001c   Code   RO         6118    i.LPUART6_DriverIRQHandler  fsl_lpuart.o
    0x800035d8   0x70005b04   0x0000001c   Code   RO         6119    i.LPUART7_DriverIRQHandler  fsl_lpuart.o
    0x800035f4   0x70005b20   0x0000001c   Code   RO         6120    i.LPUART8_DriverIRQHandler  fsl_lpuart.o
    0x80003610   0x70005b3c   0x00000058   Code   RO         6122    i.LPUART_Deinit     fsl_lpuart.o
    0x80003668   0x70005b94   0x00000088   Code   RO         6125    i.LPUART_GetDefaultConfig  fsl_lpuart.o
    0x800036f0   0x70005c1c   0x00000090   Code   RO         6127    i.LPUART_GetInstance  fsl_lpuart.o
    0x80003780   0x70005cac   0x0000029c   Code   RO         6129    i.LPUART_Init       fsl_lpuart.o
    0x80003a1c   0x70005f48   0x0000008c   Code   RO         6146    i.LPUART_WriteBlocking  fsl_lpuart.o
    0x80003aa8   0x70005fd4   0x00000004   Code   RO        12154    i.MemManage_Handler  common.o
    0x80003aac   0x70005fd8   0x00000004   Code   RO        12155    i.NMI_Handler       common.o
    0x80003ab0   0x70005fdc   0x0000000c   Code   RO        14842    i.PIT_ClearStatusFlags  isr.o
    0x80003abc   0x70005fe8   0x00000012   Code   RO        14843    i.PIT_GetStatusFlags  isr.o
    0x80003ace   0x70005ffa   0x00000002   PAD
    0x80003ad0   0x70005ffc   0x00000068   Code   RO        14844    i.PIT_IRQHandler    isr.o
    0x80003b38   0x70006064   0x00000004   Code   RO        12156    i.PendSV_Handler    common.o
    0x80003b3c   0x70006068   0x00000054   Code   RO         6933    i.SAI1_DriverIRQHandler  fsl_sai.o
    0x80003b90   0x700060bc   0x00000054   Code   RO         6934    i.SAI2_DriverIRQHandler  fsl_sai.o
    0x80003be4   0x70006110   0x0000007c   Code   RO         6936    i.SAI3_RX_DriverIRQHandler  fsl_sai.o
    0x80003c60   0x7000618c   0x0000007c   Code   RO         6937    i.SAI3_TX_DriverIRQHandler  fsl_sai.o
    0x80003cdc   0x70006208   0x0000001c   Code   RO         6953    i.SAI_RxGetEnabledInterruptStatus  fsl_sai.o
    0x80003cf8   0x70006224   0x0000001a   Code   RO         6988    i.SAI_TxGetEnabledInterruptStatus  fsl_sai.o
    0x80003d12   0x7000623e   0x00000002   PAD
    0x80003d14   0x70006240   0x00000024   Code   RO         9563    i.SDMMCEVENT_GetInstance  fsl_sdmmc_event.o
    0x80003d38   0x70006264   0x00000018   Code   RO         9565    i.SDMMCEVENT_Notify  fsl_sdmmc_event.o
    0x80003d50   0x7000627c   0x00000038   Code   RO         9648    i.SDMMCHOST_NofiyCardInsertStatus  fsl_sdmmc_host.o
    0x80003d88   0x700062b4   0x00000044   Code   RO         7961    i.SPDIF_DriverIRQHandler  fsl_spdif.o
    0x80003dcc   0x700062f8   0x00000004   Code   RO        12157    i.SVC_Handler       common.o
    0x80003dd0   0x700062fc   0x00000078   Code   RO          418    i.SerialManager_Init  serial_manager.o
    0x80003e48   0x70006374   0x00000078   Code   RO          419    i.SerialManager_OpenReadHandle  serial_manager.o
    0x80003ec0   0x700063ec   0x0000006c   Code   RO          420    i.SerialManager_OpenWriteHandle  serial_manager.o
    0x80003f2c   0x70006458   0x00000036   Code   RO          424    i.SerialManager_StartWriting  serial_manager.o
    0x80003f62   0x7000648e   0x00000002   PAD
    0x80003f64   0x70006490   0x00000088   Code   RO          425    i.SerialManager_Write  serial_manager.o
    0x80003fec   0x70006518   0x00000014   Code   RO          426    i.SerialManager_WriteBlocking  serial_manager.o
    0x80004000   0x7000652c   0x0000008c   Code   RO          526    i.Serial_UartInit   serial_port_uart.o
    0x8000408c   0x700065b8   0x00000070   Code   RO          528    i.Serial_UartWrite  serial_port_uart.o
    0x800040fc   0x70006628   0x00000632   Code   RO        15153    i.StrFormatPrintf   fsl_str.o
    0x8000472e   0x70006c5a   0x00000002   PAD
    0x80004730   0x70006c5c   0x00000010   Code   RO         9567    i.SysTick_Handler   fsl_sdmmc_event.o
    0x80004740   0x70006c6c   0x00000034   Code   RO        14387    i.USB_DeviceControl  usb_device_dci.o
    0x80004774   0x70006ca0   0x00000102   Code   RO        14202    i.USB_DeviceEhciCancelControlPipe  usb_device_ehci.o
    0x80004876   0x70006da2   0x0000006c   Code   RO        14209    i.USB_DeviceEhciFillSetupBuffer  usb_device_ehci.o
    0x800048e2   0x70006e0e   0x00000050   Code   RO        14211    i.USB_DeviceEhciInterruptPortChange  usb_device_ehci.o
    0x80004932   0x70006e5e   0x0000006a   Code   RO        14212    i.USB_DeviceEhciInterruptReset  usb_device_ehci.o
    0x8000499c   0x70006ec8   0x00000002   Code   RO        14213    i.USB_DeviceEhciInterruptSof  usb_device_ehci.o
    0x8000499e   0x70006eca   0x000002c4   Code   RO        14214    i.USB_DeviceEhciInterruptTokenDone  usb_device_ehci.o
    0x80004c62   0x7000718e   0x00000058   Code   RO        14215    i.USB_DeviceEhciIsrFunction  usb_device_ehci.o
    0x80004cba   0x700071e6   0x000000ac   Code   RO        14396    i.USB_DeviceNotification  usb_device_dci.o
    0x80004d66   0x70007292   0x00000028   Code   RO        14397    i.USB_DeviceNotificationTrigger  usb_device_dci.o
    0x80004d8e   0x700072ba   0x00000064   Code   RO        14399    i.USB_DeviceResetNotification  usb_device_dci.o
    0x80004df2   0x7000731e   0x00000002   PAD
    0x80004df4   0x70007320   0x00000010   Code   RO        12266    i.USB_OTG1_IRQHandler  zf_usb_cdc.o
    0x80004e04   0x70007330   0x00000010   Code   RO        12267    i.USB_OTG2_IRQHandler  zf_usb_cdc.o
    0x80004e14   0x70007340   0x00000020   Code   RO         8479    i.USDHC1_DriverIRQHandler  fsl_usdhc.o
    0x80004e34   0x70007360   0x00000020   Code   RO         8480    i.USDHC2_DriverIRQHandler  fsl_usdhc.o
    0x80004e54   0x70007380   0x00000004   Code   RO        12158    i.UsageFault_Handler  common.o
    0x80004e58   0x70007384   0x00000030   Code   RO        15556    i.__ARM_fpclassify  m_wv.l(fpclassify.o)
    0x80004e88   0x700073b4   0x00000044   Code   RO        15001    i.__aeabi_assert    fsl_assert.o
    0x80004ecc   0x700073f8   0x000000c0   Code   RO        15413    i.__hardfp_modf     m_wv.l(modf.o)
    0x80004f8c   0x700074b8   0x00000004   PAD
    0x80004f90   0x700074bc   0x000008f8   Code   RO        15419    i.__hardfp_pow      m_wv.l(pow.o)
    0x80005888   0x70007db4   0x00000070   Code   RO        15558    i.__kernel_poly     m_wv.l(poly.o)
    0x800058f8   0x70007e24   0x00000020   Code   RO        15536    i.__mathlib_dbl_divzero  m_wv.l(dunder.o)
    0x80005918   0x70007e44   0x00000006   Code   RO        15538    i.__mathlib_dbl_infnan2  m_wv.l(dunder.o)
    0x8000591e   0x70007e4a   0x00000002   PAD
    0x80005920   0x70007e4c   0x00000018   Code   RO        15539    i.__mathlib_dbl_invalid  m_wv.l(dunder.o)
    0x80005938   0x70007e64   0x00000018   Code   RO        15540    i.__mathlib_dbl_overflow  m_wv.l(dunder.o)
    0x80005950   0x70007e7c   0x00000018   Code   RO        15542    i.__mathlib_dbl_underflow  m_wv.l(dunder.o)
    0x80005968   0x70007e94   0x00000044   Code   RO           14    i.board_init        board.o
    0x800059ac   0x70007ed8   0x0000001c   Code   RO        10824    i.dma_restart       zf_camera.o
    0x800059c8   0x70007ef4   0x00000018   Code   RO        15552    i.fabs              m_wv.l(fabs.o)
    0x800059e0   0x70007f0c   0x00000010   Code   RO        10829    i.flexio_flag_clear  zf_camera.o
    0x800059f0   0x70007f1c   0x00000074   Code   RO        11071    i.gpio_get          zf_gpio.o
    0x80005a64   0x70007f90   0x00000058   Code   RO        11072    i.gpio_init         zf_gpio.o
    0x80005abc   0x70007fe8   0x0000003c   Code   RO        11074    i.gpio_set          zf_gpio.o
    0x80005af8   0x70008024   0x00000020   Code   RO        11075    i.gpio_toggle       zf_gpio.o
    0x80005b18   0x70008044   0x000000b8   Code   RO        11967    i.gpt_init          zf_systick.o
    0x80005bd0   0x700080fc   0x00005cdc   Code   RO        11251    i.iomuxc_pinconf    zf_iomuxc.o
    0x8000b8ac   0x7000ddd8   0x00000090   Code   RO        14955    i.main              main.o
    0x8000b93c   0x7000de68   0x00000024   Code   RO        13483    i.mt9v03x_vsync     seekfree_mt9v03x.o
    0x8000b960   0x7000de8c   0x0000004c   Code   RO        13655    i.scc8660_vsync     seekfree_scc8660.o
    0x8000b9ac   0x7000ded8   0x0000006a   Code   RO        15563    i.sqrt              m_wv.l(sqrt.o)
    0x8000ba16   0x7000df42   0x00000002   PAD
    0x8000ba18   0x7000df44   0x00000044   Code   RO        11968    i.systick_delay     zf_systick.o
    0x8000ba5c   0x7000df88   0x00000038   Code   RO        11969    i.systick_delay_ms  zf_systick.o
    0x8000ba94   0x7000dfc0   0x00000060   Code   RO        12043    i.uart_init         zf_uart.o
    0x8000baf4   0x7000e020   0x000002d8   Code   RO        12044    i.uart_iomuxc       zf_uart.o
    0x8000bdcc   0x7000e2f8   0x00000010   Code   RO        15667    x$fpl$dcheck1       fz_wv.l(dcheck1.o)
    0x8000bddc   0x7000e308   0x000000a2   Code   RO        15407    x$fpl$dfltll        fz_wv.l(dfltll_clz.o)
    0x8000be7e   0x7000e3aa   0x0000009c   Code   RO        15531    x$fpl$dnaninf       fz_wv.l(dnaninf.o)
    0x8000bf1a   0x7000e446   0x0000000a   Code   RO        15669    x$fpl$fpinit        fz_wv.l(fpinit.o)
    0x8000bf24   0x7000e450   0x000000c2   Code   RO        15403    x$fpl$llsfromd      fz_wv.l(dfixll.o)
    0x8000bfe6   0x7000e512   0x00000064   Code   RO        15710    x$fpl$retnan        fz_wv.l(retnan.o)
    0x8000c04a   0x7000e576   0x0000005c   Code   RO        15533    x$fpl$scalbn        fz_wv.l(scalbn.o)
    0x8000c0a6   0x7000e5d2   0x00000030   Code   RO        15763    x$fpl$trapveneer    fz_wv.l(trapv.o)
    0x8000c0d6   0x7000e602   0x00000000   Code   RO        15535    x$fpl$usenofp       fz_wv.l(usenofp.o)
    0x8000c0d6   0x7000e602   0x00000002   PAD
    0x8000c0d8   0x7000e604   0x0000001e   Data   RO          177    .constdata          clock_config.o
    0x8000c0f6   0x7000e622   0x00000002   PAD
    0x8000c0f8   0x7000e624   0x00000024   Data   RO          585    .constdata          lpuart_adapter.o
    0x8000c11c   0x7000e648   0x00000010   Data   RO         1366    .constdata          fsl_clock.o
    0x8000c12c   0x7000e658   0x00000024   Data   RO         2886    .constdata          fsl_enet.o
    0x8000c150   0x7000e67c   0x00000034   Data   RO         5127    .constdata          fsl_gpio.o
    0x8000c184   0x7000e6b0   0x00000012   Data   RO         5178    .constdata          fsl_gpt.o
    0x8000c196   0x7000e6c2   0x00000002   PAD
    0x8000c198   0x7000e6c4   0x00000048   Data   RO         6149    .constdata          fsl_lpuart.o
    0x8000c1e0   0x7000e70c   0x00000018   Data   RO         8524    .constdata          fsl_usdhc.o
    0x8000c1f8   0x7000e724   0x00000010   Data   RO        15040    .constdata          fsl_debug_console.o
    0x8000c208   0x7000e734   0x00000088   Data   RO        15422    .constdata          m_wv.l(pow.o)
    0x8000c290   0x7000e7bc   0x00000008   Data   RO        15560    .constdata          m_wv.l(qnan.o)
    0x8000c298   0x7000e7c4   0x00000049   Data   RO          427    .conststring        serial_manager.o
    0x8000c2e1   0x7000e80d   0x00000003   PAD
    0x8000c2e4   0x7000e810   0x0000004b   Data   RO          529    .conststring        serial_port_uart.o
    0x8000c32f   0x7000e85b   0x00000001   PAD
    0x8000c330   0x7000e85c   0x00000049   Data   RO          586    .conststring        lpuart_adapter.o
    0x8000c379   0x7000e8a5   0x00000003   PAD
    0x8000c37c   0x7000e8a8   0x00000090   Data   RO         6150    .conststring        fsl_lpuart.o
    0x8000c40c   0x7000e938   0x0000004a   Data   RO        15041    .conststring        fsl_debug_console.o


    Execution Region SDRAM_ncache (Exec base: 0x81e00000, Load base: 0x7000e9d4, Size: 0x00000000, Max: 0x00200000, ABSOLUTE)

    **** No section assigned to this execution region ****


==============================================================================

Image component sizes


      Code (inc. data)   RO Data    RW Data    ZI Data      Debug   Object Name

      1112         94          0          0          0    1531497   board.o
      1944        446         30          0          0      16779   clock_config.o
        32          0          0          0          8      10527   common.o
         0          0        512          0          0       6199   evkmimxrt1064_flexspi_nor_config.o
         0          0       1072          0          0        859   evkmimxrt1064_sdram_ini_dcd.o
         0          0          0          0          0        564   ff.o
         0          0          0          0          0      11499   fsl_adc.o
        68         44          0          0          0        769   fsl_assert.o
      2092        318         16          0          8      25707   fsl_clock.o
        28         12          0          0          8      10051   fsl_csi.o
       502        104         90          0         36       7801   fsl_debug_console.o
      1344        296          0          0        129      18536   fsl_edma.o
       320        138         36          0         28      18137   fsl_enet.o
       384        276          0          0         20      14508   fsl_flexcan.o
        80         12          0          0         24      10166   fsl_flexio.o
        66          0          0          0          0       9508   fsl_flexio_camera.o
         0          0          0          0          0        524   fsl_flexspi.o
         0          0         48          0          0       2638   fsl_flexspi_nor_boot.o
       642        234         52          0          0       6880   fsl_gpio.o
       816        390         18          0          0       8175   fsl_gpt.o
       148         34          0          0         48      11552   fsl_lpi2c.o
       512        336          0          0         33      10991   fsl_lpspi.o
      1532        524        216          0         40      16092   fsl_lpuart.o
       470        208          0          0         40      11550   fsl_sai.o
        76         14          0          0         12       3824   fsl_sdmmc_event.o
       224         74          0          0         52      27440   fsl_sdmmc_host.o
        68         16          0          0         16       6185   fsl_spdif.o
      2356          0          0          0          0       5586   fsl_str.o
        64         28         24          0         16      14155   fsl_usdhc.o
         0          0          0          0          0      10520   generic_list.o
       270         16          0          0          0       7745   isr.o
       526        224        109          0          0       5034   lpuart_adapter.o
       144          6          0          0          1       1257   main.o
         0          0          0          0          0      90383   pin_mux.o
         0          0          0          0          0       1472   seekfree_ips200_parallel8.o
        36         10          0          0          0       7096   seekfree_mt9v03x.o
        76         16          0          0         73       2691   seekfree_scc8660.o
       580        138         73          0          0       8082   serial_manager.o
       252         76         75          0          0       2725   serial_port_uart.o
       548        242       1024          0          0       3536   startup_mimxrt1064.o
       598         28          0          4          0      38471   system_mimxrt1064.o
       364          0          0          0          0       4564   usb_device_dci.o
      1350          0          0          0          0      13580   usb_device_ehci.o
         0          0          0          0          0        908   zf_adc.o
        44         12          0          0         88       3172   zf_camera.o
       322         80          0         40          0       7726   zf_gpio.o
     23950        764          0          0          0      15145   zf_iomuxc.o
       442        192          0          0          1       7302   zf_systick.o
       824         68          0         36          0       7206   zf_uart.o
        32          8          0          0        568      30932   zf_usb_cdc.o

    ----------------------------------------------------------------------
     45272       5478       3456         80       7404    2088246   Object Totals
        10          0         48          0       6144          0   (incl. Generated)
        24          0         13          0         11          0   (incl. Padding)

    ----------------------------------------------------------------------

      Code (inc. data)   RO Data    RW Data    ZI Data      Debug   Library Member Name

         8          0          0          0          0         68   __main.o
         0          0          0          0          0          0   __rtentry.o
        12          0          0          0          0          0   __rtentry2.o
         8          4          0          0          0          0   __rtentry7.o
        52          8          0          0          0          0   __scatter.o
        26          0          0          0          0          0   __scatter_copy.o
        28          0          0          0          0          0   __scatter_zi.o
        22          0          0          0          0        100   _rserrno.o
        18          0          0          0          0         80   exit.o
         0          0          0          0          0          0   indicate_semi.o
         2          0          0          0          0          0   libinit.o
         6          0          0          0          0          0   libinit2.o
         2          0          0          0          0          0   libshutdown.o
         2          0          0          0          0          0   libshutdown2.o
         0          0          0          0         96          0   libspace.o
        72          0          0          0          0         76   llsdiv.o
       238          0          0          0          0        100   lludivv7m.o
         8          4          0          0          0         68   rt_errno_addr_intlibspace.o
        78          0          0          0          0         80   rt_memclr_w.o
         2          0          0          0          0          0   rtexit.o
        10          0          0          0          0          0   rtexit2.o
        62          0          0          0          0         76   strlen.o
        12          4          0          0          0         68   sys_exit.o
         2          0          0          0          0         68   use_no_semi.o
        16          4          0          0          0        116   dcheck1.o
       194          4          0          0          0        164   dfixll.o
       162          0          0          0          0        132   dfltll_clz.o
       156          4          0          0          0        140   dnaninf.o
        10          0          0          0          0        116   fpinit.o
       100          0          0          0          0        116   retnan.o
        92          0          0          0          0        116   scalbn.o
        48          0          0          0          0        116   trapv.o
         0          0          0          0          0          0   usenofp.o
       110         60          0          0          0        580   dunder.o
        24          0          0          0          0        124   fabs.o
        48          0          0          0          0        124   fpclassify.o
       192          6          0          0          0        176   modf.o
       112          0          0          0          0        116   poly.o
      2296        304        136          0          0        320   pow.o
         0          0          8          0          0          0   qnan.o
       106          0          0          0          0        140   sqrt.o

    ----------------------------------------------------------------------
      4348        406        144          0         96       3380   Library Totals
        12          4          0          0          0          0   (incl. Padding)

    ----------------------------------------------------------------------

      Code (inc. data)   RO Data    RW Data    ZI Data      Debug   Library Name

       670         20          0          0         96        784   c_w.l
       778         12          0          0          0       1016   fz_wv.l
      2888        370        144          0          0       1580   m_wv.l

    ----------------------------------------------------------------------
      4348        406        144          0         96       3380   Library Totals

    ----------------------------------------------------------------------

==============================================================================


      Code (inc. data)   RO Data    RW Data    ZI Data      Debug   

     49620       5884       3600         80       7500    2071514   Grand Totals
     49620       5884       3600         80       7500    2071514   ELF Image Totals
     49620       5884       3600         80          0          0   ROM Totals

==============================================================================

    Total RO  Size (Code + RO Data)                53220 (  51.97kB)
    Total RW  Size (RW Data + ZI Data)              7580 (   7.40kB)
    Total ROM Size (Code + RO Data + RW Data)      53300 (  52.05kB)

==============================================================================

